INFO 2025-10-21 21:35:08,212 autoreload 25608 20336 Watching for file changes with StatReloader
WARNING 2025-10-21 21:35:10,182 log 25608 67184 Not Found: /
WARNING 2025-10-21 21:35:10,738 log 25608 67184 Not Found: /favicon.ico
WARNING 2025-10-21 21:35:13,902 log 25608 67184 Not Found: /api
WARNING 2025-10-21 21:35:17,295 log 25608 67184 Not Found: /api/v1
WARNING 2025-10-21 21:35:25,645 log 25608 67184 Not Found: /api/v1/usuarios
WARNING 2025-10-21 21:35:41,879 log 25608 17976 Unauthorized: /api/v1/usuarios/empresas/
WARNING 2025-10-21 21:35:48,651 log 25608 1364 Unauthorized: /api/v1/usuarios/empresas/
ERROR 2025-10-21 21:36:22,228 log 25608 21704 Internal Server Error: /api/schema/
Traceback (most recent call last):
  File "C:\Users\StefanoIG\Desktop\Tesis\venv\Lib\site-packages\django\utils\module_loading.py", line 30, in import_string
    return cached_import(module_path, class_name)
           ^^^^^^^^^^^^^^^^^^^^^^^^^^^^^^^^^^^^^^
  File "C:\Users\StefanoIG\Desktop\Tesis\venv\Lib\site-packages\django\utils\module_loading.py", line 16, in cached_import
    return getattr(module, class_name)
           ^^^^^^^^^^^^^^^^^^^^^^^^^^^
AttributeError: module 'drf_spectacular.openapi' has no attribute 'PreprocessingHook'

The above exception was the direct cause of the following exception:

Traceback (most recent call last):
  File "C:\Users\StefanoIG\Desktop\Tesis\venv\Lib\site-packages\rest_framework\settings.py", line 177, in import_from_string
    return import_string(val)
           ^^^^^^^^^^^^^^^^^^
  File "C:\Users\StefanoIG\Desktop\Tesis\venv\Lib\site-packages\django\utils\module_loading.py", line 32, in import_string
    raise ImportError(
ImportError: Module "drf_spectacular.openapi" does not define a "PreprocessingHook" attribute/class

During handling of the above exception, another exception occurred:

Traceback (most recent call last):
  File "C:\Users\StefanoIG\Desktop\Tesis\venv\Lib\site-packages\django\core\handlers\exception.py", line 55, in inner
    response = get_response(request)
               ^^^^^^^^^^^^^^^^^^^^^
  File "C:\Users\StefanoIG\Desktop\Tesis\venv\Lib\site-packages\django\core\handlers\base.py", line 197, in _get_response
    response = wrapped_callback(request, *callback_args, **callback_kwargs)
               ^^^^^^^^^^^^^^^^^^^^^^^^^^^^^^^^^^^^^^^^^^^^^^^^^^^^^^^^^^^^
  File "C:\Users\StefanoIG\Desktop\Tesis\venv\Lib\site-packages\django\views\decorators\csrf.py", line 56, in wrapper_view
    return view_func(*args, **kwargs)
           ^^^^^^^^^^^^^^^^^^^^^^^^^^
  File "C:\Users\StefanoIG\Desktop\Tesis\venv\Lib\site-packages\django\views\generic\base.py", line 104, in view
    return self.dispatch(request, *args, **kwargs)
           ^^^^^^^^^^^^^^^^^^^^^^^^^^^^^^^^^^^^^^^
  File "C:\Users\StefanoIG\Desktop\Tesis\venv\Lib\site-packages\rest_framework\views.py", line 509, in dispatch
    response = self.handle_exception(exc)
               ^^^^^^^^^^^^^^^^^^^^^^^^^^
  File "C:\Users\StefanoIG\Desktop\Tesis\venv\Lib\site-packages\rest_framework\views.py", line 469, in handle_exception
    self.raise_uncaught_exception(exc)
  File "C:\Users\StefanoIG\Desktop\Tesis\venv\Lib\site-packages\rest_framework\views.py", line 480, in raise_uncaught_exception
    raise exc
  File "C:\Users\StefanoIG\Desktop\Tesis\venv\Lib\site-packages\rest_framework\views.py", line 506, in dispatch
    response = handler(request, *args, **kwargs)
               ^^^^^^^^^^^^^^^^^^^^^^^^^^^^^^^^^
  File "C:\Users\StefanoIG\Desktop\Tesis\venv\Lib\site-packages\drf_spectacular\views.py", line 83, in get
    return self._get_schema_response(request)
           ^^^^^^^^^^^^^^^^^^^^^^^^^^^^^^^^^^
  File "C:\Users\StefanoIG\Desktop\Tesis\venv\Lib\site-packages\drf_spectacular\views.py", line 91, in _get_schema_response
    data=generator.get_schema(request=request, public=self.serve_public),
         ^^^^^^^^^^^^^^^^^^^^^^^^^^^^^^^^^^^^^^^^^^^^^^^^^^^^^^^^^^^^^^^
  File "C:\Users\StefanoIG\Desktop\Tesis\venv\Lib\site-packages\drf_spectacular\generators.py", line 268, in get_schema
    paths=self.parse(request, public),
          ^^^^^^^^^^^^^^^^^^^^^^^^^^^
  File "C:\Users\StefanoIG\Desktop\Tesis\venv\Lib\site-packages\drf_spectacular\generators.py", line 188, in parse
    self._initialise_endpoints()
  File "C:\Users\StefanoIG\Desktop\Tesis\venv\Lib\site-packages\drf_spectacular\generators.py", line 171, in _initialise_endpoints
    self.endpoints = self.inspector.get_api_endpoints()
                     ^^^^^^^^^^^^^^^^^^^^^^^^^^^^^^^^^^
  File "C:\Users\StefanoIG\Desktop\Tesis\venv\Lib\site-packages\drf_spectacular\generators.py", line 25, in get_api_endpoints
    for hook in spectacular_settings.PREPROCESSING_HOOKS:
                ^^^^^^^^^^^^^^^^^^^^^^^^^^^^^^^^^^^^^^^^
  File "C:\Users\StefanoIG\Desktop\Tesis\venv\Lib\site-packages\rest_framework\settings.py", line 225, in __getattr__
    val = perform_import(val, attr)
          ^^^^^^^^^^^^^^^^^^^^^^^^^
  File "C:\Users\StefanoIG\Desktop\Tesis\venv\Lib\site-packages\rest_framework\settings.py", line 168, in perform_import
    return [import_from_string(item, setting_name) for item in val]
           ^^^^^^^^^^^^^^^^^^^^^^^^^^^^^^^^^^^^^^^^^^^^^^^^^^^^^^^^
  File "C:\Users\StefanoIG\Desktop\Tesis\venv\Lib\site-packages\rest_framework\settings.py", line 168, in <listcomp>
    return [import_from_string(item, setting_name) for item in val]
            ^^^^^^^^^^^^^^^^^^^^^^^^^^^^^^^^^^^^^^
  File "C:\Users\StefanoIG\Desktop\Tesis\venv\Lib\site-packages\rest_framework\settings.py", line 180, in import_from_string
    raise ImportError(msg)
ImportError: Could not import 'drf_spectacular.openapi.PreprocessingHook' for API setting 'PREPROCESSING_HOOKS'. ImportError: Module "drf_spectacular.openapi" does not define a "PreprocessingHook" attribute/class.
ERROR 2025-10-21 21:36:22,600 log 25608 21704 Internal Server Error: /api/schema/
Traceback (most recent call last):
  File "C:\Users\StefanoIG\Desktop\Tesis\venv\Lib\site-packages\django\utils\module_loading.py", line 30, in import_string
    return cached_import(module_path, class_name)
           ^^^^^^^^^^^^^^^^^^^^^^^^^^^^^^^^^^^^^^
  File "C:\Users\StefanoIG\Desktop\Tesis\venv\Lib\site-packages\django\utils\module_loading.py", line 16, in cached_import
    return getattr(module, class_name)
           ^^^^^^^^^^^^^^^^^^^^^^^^^^^
AttributeError: module 'drf_spectacular.openapi' has no attribute 'PreprocessingHook'

The above exception was the direct cause of the following exception:

Traceback (most recent call last):
  File "C:\Users\StefanoIG\Desktop\Tesis\venv\Lib\site-packages\rest_framework\settings.py", line 177, in import_from_string
    return import_string(val)
           ^^^^^^^^^^^^^^^^^^
  File "C:\Users\StefanoIG\Desktop\Tesis\venv\Lib\site-packages\django\utils\module_loading.py", line 32, in import_string
    raise ImportError(
ImportError: Module "drf_spectacular.openapi" does not define a "PreprocessingHook" attribute/class

During handling of the above exception, another exception occurred:

Traceback (most recent call last):
  File "C:\Users\StefanoIG\Desktop\Tesis\venv\Lib\site-packages\django\core\handlers\exception.py", line 55, in inner
    response = get_response(request)
               ^^^^^^^^^^^^^^^^^^^^^
  File "C:\Users\StefanoIG\Desktop\Tesis\venv\Lib\site-packages\django\core\handlers\base.py", line 197, in _get_response
    response = wrapped_callback(request, *callback_args, **callback_kwargs)
               ^^^^^^^^^^^^^^^^^^^^^^^^^^^^^^^^^^^^^^^^^^^^^^^^^^^^^^^^^^^^
  File "C:\Users\StefanoIG\Desktop\Tesis\venv\Lib\site-packages\django\views\decorators\csrf.py", line 56, in wrapper_view
    return view_func(*args, **kwargs)
           ^^^^^^^^^^^^^^^^^^^^^^^^^^
  File "C:\Users\StefanoIG\Desktop\Tesis\venv\Lib\site-packages\django\views\generic\base.py", line 104, in view
    return self.dispatch(request, *args, **kwargs)
           ^^^^^^^^^^^^^^^^^^^^^^^^^^^^^^^^^^^^^^^
  File "C:\Users\StefanoIG\Desktop\Tesis\venv\Lib\site-packages\rest_framework\views.py", line 509, in dispatch
    response = self.handle_exception(exc)
               ^^^^^^^^^^^^^^^^^^^^^^^^^^
  File "C:\Users\StefanoIG\Desktop\Tesis\venv\Lib\site-packages\rest_framework\views.py", line 469, in handle_exception
    self.raise_uncaught_exception(exc)
  File "C:\Users\StefanoIG\Desktop\Tesis\venv\Lib\site-packages\rest_framework\views.py", line 480, in raise_uncaught_exception
    raise exc
  File "C:\Users\StefanoIG\Desktop\Tesis\venv\Lib\site-packages\rest_framework\views.py", line 506, in dispatch
    response = handler(request, *args, **kwargs)
               ^^^^^^^^^^^^^^^^^^^^^^^^^^^^^^^^^
  File "C:\Users\StefanoIG\Desktop\Tesis\venv\Lib\site-packages\drf_spectacular\views.py", line 83, in get
    return self._get_schema_response(request)
           ^^^^^^^^^^^^^^^^^^^^^^^^^^^^^^^^^^
  File "C:\Users\StefanoIG\Desktop\Tesis\venv\Lib\site-packages\drf_spectacular\views.py", line 91, in _get_schema_response
    data=generator.get_schema(request=request, public=self.serve_public),
         ^^^^^^^^^^^^^^^^^^^^^^^^^^^^^^^^^^^^^^^^^^^^^^^^^^^^^^^^^^^^^^^
  File "C:\Users\StefanoIG\Desktop\Tesis\venv\Lib\site-packages\drf_spectacular\generators.py", line 268, in get_schema
    paths=self.parse(request, public),
          ^^^^^^^^^^^^^^^^^^^^^^^^^^^
  File "C:\Users\StefanoIG\Desktop\Tesis\venv\Lib\site-packages\drf_spectacular\generators.py", line 188, in parse
    self._initialise_endpoints()
  File "C:\Users\StefanoIG\Desktop\Tesis\venv\Lib\site-packages\drf_spectacular\generators.py", line 171, in _initialise_endpoints
    self.endpoints = self.inspector.get_api_endpoints()
                     ^^^^^^^^^^^^^^^^^^^^^^^^^^^^^^^^^^
  File "C:\Users\StefanoIG\Desktop\Tesis\venv\Lib\site-packages\drf_spectacular\generators.py", line 25, in get_api_endpoints
    for hook in spectacular_settings.PREPROCESSING_HOOKS:
                ^^^^^^^^^^^^^^^^^^^^^^^^^^^^^^^^^^^^^^^^
  File "C:\Users\StefanoIG\Desktop\Tesis\venv\Lib\site-packages\rest_framework\settings.py", line 225, in __getattr__
    val = perform_import(val, attr)
          ^^^^^^^^^^^^^^^^^^^^^^^^^
  File "C:\Users\StefanoIG\Desktop\Tesis\venv\Lib\site-packages\rest_framework\settings.py", line 168, in perform_import
    return [import_from_string(item, setting_name) for item in val]
           ^^^^^^^^^^^^^^^^^^^^^^^^^^^^^^^^^^^^^^^^^^^^^^^^^^^^^^^^
  File "C:\Users\StefanoIG\Desktop\Tesis\venv\Lib\site-packages\rest_framework\settings.py", line 168, in <listcomp>
    return [import_from_string(item, setting_name) for item in val]
            ^^^^^^^^^^^^^^^^^^^^^^^^^^^^^^^^^^^^^^
  File "C:\Users\StefanoIG\Desktop\Tesis\venv\Lib\site-packages\rest_framework\settings.py", line 180, in import_from_string
    raise ImportError(msg)
ImportError: Could not import 'drf_spectacular.openapi.PreprocessingHook' for API setting 'PREPROCESSING_HOOKS'. ImportError: Module "drf_spectacular.openapi" does not define a "PreprocessingHook" attribute/class.
INFO 2025-10-21 21:38:37,589 autoreload 25608 20336 C:\Users\StefanoIG\Desktop\Tesis\backend\trazabilidad_agroindustrial\settings.py changed, reloading.
INFO 2025-10-21 21:38:38,390 autoreload 72784 64184 Watching for file changes with StatReloader
ERROR 2025-10-21 21:38:43,648 log 72784 45964 Internal Server Error: /api/schema/
Traceback (most recent call last):
  File "C:\Users\StefanoIG\Desktop\Tesis\venv\Lib\site-packages\django\core\handlers\exception.py", line 55, in inner
    response = get_response(request)
               ^^^^^^^^^^^^^^^^^^^^^
  File "C:\Users\StefanoIG\Desktop\Tesis\venv\Lib\site-packages\django\core\handlers\base.py", line 197, in _get_response
    response = wrapped_callback(request, *callback_args, **callback_kwargs)
               ^^^^^^^^^^^^^^^^^^^^^^^^^^^^^^^^^^^^^^^^^^^^^^^^^^^^^^^^^^^^
  File "C:\Users\StefanoIG\Desktop\Tesis\venv\Lib\site-packages\django\views\decorators\csrf.py", line 56, in wrapper_view
    return view_func(*args, **kwargs)
           ^^^^^^^^^^^^^^^^^^^^^^^^^^
  File "C:\Users\StefanoIG\Desktop\Tesis\venv\Lib\site-packages\django\views\generic\base.py", line 104, in view
    return self.dispatch(request, *args, **kwargs)
           ^^^^^^^^^^^^^^^^^^^^^^^^^^^^^^^^^^^^^^^
  File "C:\Users\StefanoIG\Desktop\Tesis\venv\Lib\site-packages\rest_framework\views.py", line 509, in dispatch
    response = self.handle_exception(exc)
               ^^^^^^^^^^^^^^^^^^^^^^^^^^
  File "C:\Users\StefanoIG\Desktop\Tesis\venv\Lib\site-packages\rest_framework\views.py", line 469, in handle_exception
    self.raise_uncaught_exception(exc)
  File "C:\Users\StefanoIG\Desktop\Tesis\venv\Lib\site-packages\rest_framework\views.py", line 480, in raise_uncaught_exception
    raise exc
  File "C:\Users\StefanoIG\Desktop\Tesis\venv\Lib\site-packages\rest_framework\views.py", line 506, in dispatch
    response = handler(request, *args, **kwargs)
               ^^^^^^^^^^^^^^^^^^^^^^^^^^^^^^^^^
  File "C:\Users\StefanoIG\Desktop\Tesis\venv\Lib\site-packages\drf_spectacular\views.py", line 83, in get
    return self._get_schema_response(request)
           ^^^^^^^^^^^^^^^^^^^^^^^^^^^^^^^^^^
  File "C:\Users\StefanoIG\Desktop\Tesis\venv\Lib\site-packages\drf_spectacular\views.py", line 91, in _get_schema_response
    data=generator.get_schema(request=request, public=self.serve_public),
         ^^^^^^^^^^^^^^^^^^^^^^^^^^^^^^^^^^^^^^^^^^^^^^^^^^^^^^^^^^^^^^^
  File "C:\Users\StefanoIG\Desktop\Tesis\venv\Lib\site-packages\drf_spectacular\generators.py", line 268, in get_schema
    paths=self.parse(request, public),
          ^^^^^^^^^^^^^^^^^^^^^^^^^^^
  File "C:\Users\StefanoIG\Desktop\Tesis\venv\Lib\site-packages\drf_spectacular\generators.py", line 239, in parse
    operation = view.schema.get_operation(
                ^^^^^^^^^^^^^^^^^^^^^^^^^^
  File "C:\Users\StefanoIG\Desktop\Tesis\venv\Lib\site-packages\drf_spectacular\openapi.py", line 98, in get_operation
    operation['responses'] = self._get_response_bodies()
                             ^^^^^^^^^^^^^^^^^^^^^^^^^^^
  File "C:\Users\StefanoIG\Desktop\Tesis\venv\Lib\site-packages\drf_spectacular\openapi.py", line 1355, in _get_response_bodies
    return {'200': self._get_response_for_code(response_serializers, '200', direction=direction)}
                   ^^^^^^^^^^^^^^^^^^^^^^^^^^^^^^^^^^^^^^^^^^^^^^^^^^^^^^^^^^^^^^^^^^^^^^^^^^^^^
  File "C:\Users\StefanoIG\Desktop\Tesis\venv\Lib\site-packages\drf_spectacular\openapi.py", line 1411, in _get_response_for_code
    component = self.resolve_serializer(serializer, direction)
                ^^^^^^^^^^^^^^^^^^^^^^^^^^^^^^^^^^^^^^^^^^^^^^
  File "C:\Users\StefanoIG\Desktop\Tesis\venv\Lib\site-packages\drf_spectacular\openapi.py", line 1585, in resolve_serializer
    component.schema = self._map_serializer(serializer, direction, bypass_extensions)
                       ^^^^^^^^^^^^^^^^^^^^^^^^^^^^^^^^^^^^^^^^^^^^^^^^^^^^^^^^^^^^^^
  File "C:\Users\StefanoIG\Desktop\Tesis\venv\Lib\site-packages\drf_spectacular\openapi.py", line 914, in _map_serializer
    schema = self._map_basic_serializer(serializer, direction)
             ^^^^^^^^^^^^^^^^^^^^^^^^^^^^^^^^^^^^^^^^^^^^^^^^^
  File "C:\Users\StefanoIG\Desktop\Tesis\venv\Lib\site-packages\drf_spectacular\openapi.py", line 1012, in _map_basic_serializer
    schema = self._map_serializer_field(field, direction)
             ^^^^^^^^^^^^^^^^^^^^^^^^^^^^^^^^^^^^^^^^^^^^
  File "C:\Users\StefanoIG\Desktop\Tesis\venv\Lib\site-packages\drf_spectacular\openapi.py", line 654, in _map_serializer_field
    schema = self._unwrap_list_serializer(field, direction)
             ^^^^^^^^^^^^^^^^^^^^^^^^^^^^^^^^^^^^^^^^^^^^^^
  File "C:\Users\StefanoIG\Desktop\Tesis\venv\Lib\site-packages\drf_spectacular\openapi.py", line 1387, in _unwrap_list_serializer
    result = self._unwrap_list_serializer(serializer.child, direction)
             ^^^^^^^^^^^^^^^^^^^^^^^^^^^^^^^^^^^^^^^^^^^^^^^^^^^^^^^^^
  File "C:\Users\StefanoIG\Desktop\Tesis\venv\Lib\site-packages\drf_spectacular\openapi.py", line 1384, in _unwrap_list_serializer
    component = self.resolve_serializer(serializer, direction)
                ^^^^^^^^^^^^^^^^^^^^^^^^^^^^^^^^^^^^^^^^^^^^^^
  File "C:\Users\StefanoIG\Desktop\Tesis\venv\Lib\site-packages\drf_spectacular\openapi.py", line 1585, in resolve_serializer
    component.schema = self._map_serializer(serializer, direction, bypass_extensions)
                       ^^^^^^^^^^^^^^^^^^^^^^^^^^^^^^^^^^^^^^^^^^^^^^^^^^^^^^^^^^^^^^
  File "C:\Users\StefanoIG\Desktop\Tesis\venv\Lib\site-packages\drf_spectacular\openapi.py", line 914, in _map_serializer
    schema = self._map_basic_serializer(serializer, direction)
             ^^^^^^^^^^^^^^^^^^^^^^^^^^^^^^^^^^^^^^^^^^^^^^^^^
  File "C:\Users\StefanoIG\Desktop\Tesis\venv\Lib\site-packages\drf_spectacular\openapi.py", line 1006, in _map_basic_serializer
    for field in serializer.fields.values():
                 ^^^^^^^^^^^^^^^^^
  File "C:\Users\StefanoIG\Desktop\Tesis\venv\Lib\site-packages\django\utils\functional.py", line 57, in __get__
    res = instance.__dict__[self.name] = self.func(instance)
                                         ^^^^^^^^^^^^^^^^^^^
  File "C:\Users\StefanoIG\Desktop\Tesis\venv\Lib\site-packages\rest_framework\serializers.py", line 356, in fields
    for key, value in self.get_fields().items():
                      ^^^^^^^^^^^^^^^^^
  File "C:\Users\StefanoIG\Desktop\Tesis\venv\Lib\site-packages\rest_framework\serializers.py", line 1076, in get_fields
    field_class, field_kwargs = self.build_field(
                                ^^^^^^^^^^^^^^^^^
  File "C:\Users\StefanoIG\Desktop\Tesis\venv\Lib\site-packages\rest_framework\serializers.py", line 1222, in build_field
    return self.build_unknown_field(field_name, model_class)
           ^^^^^^^^^^^^^^^^^^^^^^^^^^^^^^^^^^^^^^^^^^^^^^^^^
  File "C:\Users\StefanoIG\Desktop\Tesis\venv\Lib\site-packages\rest_framework\serializers.py", line 1340, in build_unknown_field
    raise ImproperlyConfigured(
django.core.exceptions.ImproperlyConfigured: Field name `ubicacion` is not valid for model `RuteTrackingActual`.
ERROR 2025-10-21 21:38:43,817 log 72784 45964 Internal Server Error: /api/schema/
Traceback (most recent call last):
  File "C:\Users\StefanoIG\Desktop\Tesis\venv\Lib\site-packages\django\core\handlers\exception.py", line 55, in inner
    response = get_response(request)
               ^^^^^^^^^^^^^^^^^^^^^
  File "C:\Users\StefanoIG\Desktop\Tesis\venv\Lib\site-packages\django\core\handlers\base.py", line 197, in _get_response
    response = wrapped_callback(request, *callback_args, **callback_kwargs)
               ^^^^^^^^^^^^^^^^^^^^^^^^^^^^^^^^^^^^^^^^^^^^^^^^^^^^^^^^^^^^
  File "C:\Users\StefanoIG\Desktop\Tesis\venv\Lib\site-packages\django\views\decorators\csrf.py", line 56, in wrapper_view
    return view_func(*args, **kwargs)
           ^^^^^^^^^^^^^^^^^^^^^^^^^^
  File "C:\Users\StefanoIG\Desktop\Tesis\venv\Lib\site-packages\django\views\generic\base.py", line 104, in view
    return self.dispatch(request, *args, **kwargs)
           ^^^^^^^^^^^^^^^^^^^^^^^^^^^^^^^^^^^^^^^
  File "C:\Users\StefanoIG\Desktop\Tesis\venv\Lib\site-packages\rest_framework\views.py", line 509, in dispatch
    response = self.handle_exception(exc)
               ^^^^^^^^^^^^^^^^^^^^^^^^^^
  File "C:\Users\StefanoIG\Desktop\Tesis\venv\Lib\site-packages\rest_framework\views.py", line 469, in handle_exception
    self.raise_uncaught_exception(exc)
  File "C:\Users\StefanoIG\Desktop\Tesis\venv\Lib\site-packages\rest_framework\views.py", line 480, in raise_uncaught_exception
    raise exc
  File "C:\Users\StefanoIG\Desktop\Tesis\venv\Lib\site-packages\rest_framework\views.py", line 506, in dispatch
    response = handler(request, *args, **kwargs)
               ^^^^^^^^^^^^^^^^^^^^^^^^^^^^^^^^^
  File "C:\Users\StefanoIG\Desktop\Tesis\venv\Lib\site-packages\drf_spectacular\views.py", line 83, in get
    return self._get_schema_response(request)
           ^^^^^^^^^^^^^^^^^^^^^^^^^^^^^^^^^^
  File "C:\Users\StefanoIG\Desktop\Tesis\venv\Lib\site-packages\drf_spectacular\views.py", line 91, in _get_schema_response
    data=generator.get_schema(request=request, public=self.serve_public),
         ^^^^^^^^^^^^^^^^^^^^^^^^^^^^^^^^^^^^^^^^^^^^^^^^^^^^^^^^^^^^^^^
  File "C:\Users\StefanoIG\Desktop\Tesis\venv\Lib\site-packages\drf_spectacular\generators.py", line 268, in get_schema
    paths=self.parse(request, public),
          ^^^^^^^^^^^^^^^^^^^^^^^^^^^
  File "C:\Users\StefanoIG\Desktop\Tesis\venv\Lib\site-packages\drf_spectacular\generators.py", line 239, in parse
    operation = view.schema.get_operation(
                ^^^^^^^^^^^^^^^^^^^^^^^^^^
  File "C:\Users\StefanoIG\Desktop\Tesis\venv\Lib\site-packages\drf_spectacular\openapi.py", line 98, in get_operation
    operation['responses'] = self._get_response_bodies()
                             ^^^^^^^^^^^^^^^^^^^^^^^^^^^
  File "C:\Users\StefanoIG\Desktop\Tesis\venv\Lib\site-packages\drf_spectacular\openapi.py", line 1355, in _get_response_bodies
    return {'200': self._get_response_for_code(response_serializers, '200', direction=direction)}
                   ^^^^^^^^^^^^^^^^^^^^^^^^^^^^^^^^^^^^^^^^^^^^^^^^^^^^^^^^^^^^^^^^^^^^^^^^^^^^^
  File "C:\Users\StefanoIG\Desktop\Tesis\venv\Lib\site-packages\drf_spectacular\openapi.py", line 1411, in _get_response_for_code
    component = self.resolve_serializer(serializer, direction)
                ^^^^^^^^^^^^^^^^^^^^^^^^^^^^^^^^^^^^^^^^^^^^^^
  File "C:\Users\StefanoIG\Desktop\Tesis\venv\Lib\site-packages\drf_spectacular\openapi.py", line 1585, in resolve_serializer
    component.schema = self._map_serializer(serializer, direction, bypass_extensions)
                       ^^^^^^^^^^^^^^^^^^^^^^^^^^^^^^^^^^^^^^^^^^^^^^^^^^^^^^^^^^^^^^
  File "C:\Users\StefanoIG\Desktop\Tesis\venv\Lib\site-packages\drf_spectacular\openapi.py", line 914, in _map_serializer
    schema = self._map_basic_serializer(serializer, direction)
             ^^^^^^^^^^^^^^^^^^^^^^^^^^^^^^^^^^^^^^^^^^^^^^^^^
  File "C:\Users\StefanoIG\Desktop\Tesis\venv\Lib\site-packages\drf_spectacular\openapi.py", line 1012, in _map_basic_serializer
    schema = self._map_serializer_field(field, direction)
             ^^^^^^^^^^^^^^^^^^^^^^^^^^^^^^^^^^^^^^^^^^^^
  File "C:\Users\StefanoIG\Desktop\Tesis\venv\Lib\site-packages\drf_spectacular\openapi.py", line 654, in _map_serializer_field
    schema = self._unwrap_list_serializer(field, direction)
             ^^^^^^^^^^^^^^^^^^^^^^^^^^^^^^^^^^^^^^^^^^^^^^
  File "C:\Users\StefanoIG\Desktop\Tesis\venv\Lib\site-packages\drf_spectacular\openapi.py", line 1387, in _unwrap_list_serializer
    result = self._unwrap_list_serializer(serializer.child, direction)
             ^^^^^^^^^^^^^^^^^^^^^^^^^^^^^^^^^^^^^^^^^^^^^^^^^^^^^^^^^
  File "C:\Users\StefanoIG\Desktop\Tesis\venv\Lib\site-packages\drf_spectacular\openapi.py", line 1384, in _unwrap_list_serializer
    component = self.resolve_serializer(serializer, direction)
                ^^^^^^^^^^^^^^^^^^^^^^^^^^^^^^^^^^^^^^^^^^^^^^
  File "C:\Users\StefanoIG\Desktop\Tesis\venv\Lib\site-packages\drf_spectacular\openapi.py", line 1585, in resolve_serializer
    component.schema = self._map_serializer(serializer, direction, bypass_extensions)
                       ^^^^^^^^^^^^^^^^^^^^^^^^^^^^^^^^^^^^^^^^^^^^^^^^^^^^^^^^^^^^^^
  File "C:\Users\StefanoIG\Desktop\Tesis\venv\Lib\site-packages\drf_spectacular\openapi.py", line 914, in _map_serializer
    schema = self._map_basic_serializer(serializer, direction)
             ^^^^^^^^^^^^^^^^^^^^^^^^^^^^^^^^^^^^^^^^^^^^^^^^^
  File "C:\Users\StefanoIG\Desktop\Tesis\venv\Lib\site-packages\drf_spectacular\openapi.py", line 1006, in _map_basic_serializer
    for field in serializer.fields.values():
                 ^^^^^^^^^^^^^^^^^
  File "C:\Users\StefanoIG\Desktop\Tesis\venv\Lib\site-packages\django\utils\functional.py", line 57, in __get__
    res = instance.__dict__[self.name] = self.func(instance)
                                         ^^^^^^^^^^^^^^^^^^^
  File "C:\Users\StefanoIG\Desktop\Tesis\venv\Lib\site-packages\rest_framework\serializers.py", line 356, in fields
    for key, value in self.get_fields().items():
                      ^^^^^^^^^^^^^^^^^
  File "C:\Users\StefanoIG\Desktop\Tesis\venv\Lib\site-packages\rest_framework\serializers.py", line 1076, in get_fields
    field_class, field_kwargs = self.build_field(
                                ^^^^^^^^^^^^^^^^^
  File "C:\Users\StefanoIG\Desktop\Tesis\venv\Lib\site-packages\rest_framework\serializers.py", line 1222, in build_field
    return self.build_unknown_field(field_name, model_class)
           ^^^^^^^^^^^^^^^^^^^^^^^^^^^^^^^^^^^^^^^^^^^^^^^^^
  File "C:\Users\StefanoIG\Desktop\Tesis\venv\Lib\site-packages\rest_framework\serializers.py", line 1340, in build_unknown_field
    raise ImproperlyConfigured(
django.core.exceptions.ImproperlyConfigured: Field name `ubicacion` is not valid for model `RuteTrackingActual`.
ERROR 2025-10-21 21:38:49,959 log 72784 45964 Internal Server Error: /api/schema/
Traceback (most recent call last):
  File "C:\Users\StefanoIG\Desktop\Tesis\venv\Lib\site-packages\django\core\handlers\exception.py", line 55, in inner
    response = get_response(request)
               ^^^^^^^^^^^^^^^^^^^^^
  File "C:\Users\StefanoIG\Desktop\Tesis\venv\Lib\site-packages\django\core\handlers\base.py", line 197, in _get_response
    response = wrapped_callback(request, *callback_args, **callback_kwargs)
               ^^^^^^^^^^^^^^^^^^^^^^^^^^^^^^^^^^^^^^^^^^^^^^^^^^^^^^^^^^^^
  File "C:\Users\StefanoIG\Desktop\Tesis\venv\Lib\site-packages\django\views\decorators\csrf.py", line 56, in wrapper_view
    return view_func(*args, **kwargs)
           ^^^^^^^^^^^^^^^^^^^^^^^^^^
  File "C:\Users\StefanoIG\Desktop\Tesis\venv\Lib\site-packages\django\views\generic\base.py", line 104, in view
    return self.dispatch(request, *args, **kwargs)
           ^^^^^^^^^^^^^^^^^^^^^^^^^^^^^^^^^^^^^^^
  File "C:\Users\StefanoIG\Desktop\Tesis\venv\Lib\site-packages\rest_framework\views.py", line 509, in dispatch
    response = self.handle_exception(exc)
               ^^^^^^^^^^^^^^^^^^^^^^^^^^
  File "C:\Users\StefanoIG\Desktop\Tesis\venv\Lib\site-packages\rest_framework\views.py", line 469, in handle_exception
    self.raise_uncaught_exception(exc)
  File "C:\Users\StefanoIG\Desktop\Tesis\venv\Lib\site-packages\rest_framework\views.py", line 480, in raise_uncaught_exception
    raise exc
  File "C:\Users\StefanoIG\Desktop\Tesis\venv\Lib\site-packages\rest_framework\views.py", line 506, in dispatch
    response = handler(request, *args, **kwargs)
               ^^^^^^^^^^^^^^^^^^^^^^^^^^^^^^^^^
  File "C:\Users\StefanoIG\Desktop\Tesis\venv\Lib\site-packages\drf_spectacular\views.py", line 83, in get
    return self._get_schema_response(request)
           ^^^^^^^^^^^^^^^^^^^^^^^^^^^^^^^^^^
  File "C:\Users\StefanoIG\Desktop\Tesis\venv\Lib\site-packages\drf_spectacular\views.py", line 91, in _get_schema_response
    data=generator.get_schema(request=request, public=self.serve_public),
         ^^^^^^^^^^^^^^^^^^^^^^^^^^^^^^^^^^^^^^^^^^^^^^^^^^^^^^^^^^^^^^^
  File "C:\Users\StefanoIG\Desktop\Tesis\venv\Lib\site-packages\drf_spectacular\generators.py", line 268, in get_schema
    paths=self.parse(request, public),
          ^^^^^^^^^^^^^^^^^^^^^^^^^^^
  File "C:\Users\StefanoIG\Desktop\Tesis\venv\Lib\site-packages\drf_spectacular\generators.py", line 239, in parse
    operation = view.schema.get_operation(
                ^^^^^^^^^^^^^^^^^^^^^^^^^^
  File "C:\Users\StefanoIG\Desktop\Tesis\venv\Lib\site-packages\drf_spectacular\openapi.py", line 98, in get_operation
    operation['responses'] = self._get_response_bodies()
                             ^^^^^^^^^^^^^^^^^^^^^^^^^^^
  File "C:\Users\StefanoIG\Desktop\Tesis\venv\Lib\site-packages\drf_spectacular\openapi.py", line 1355, in _get_response_bodies
    return {'200': self._get_response_for_code(response_serializers, '200', direction=direction)}
                   ^^^^^^^^^^^^^^^^^^^^^^^^^^^^^^^^^^^^^^^^^^^^^^^^^^^^^^^^^^^^^^^^^^^^^^^^^^^^^
  File "C:\Users\StefanoIG\Desktop\Tesis\venv\Lib\site-packages\drf_spectacular\openapi.py", line 1411, in _get_response_for_code
    component = self.resolve_serializer(serializer, direction)
                ^^^^^^^^^^^^^^^^^^^^^^^^^^^^^^^^^^^^^^^^^^^^^^
  File "C:\Users\StefanoIG\Desktop\Tesis\venv\Lib\site-packages\drf_spectacular\openapi.py", line 1585, in resolve_serializer
    component.schema = self._map_serializer(serializer, direction, bypass_extensions)
                       ^^^^^^^^^^^^^^^^^^^^^^^^^^^^^^^^^^^^^^^^^^^^^^^^^^^^^^^^^^^^^^
  File "C:\Users\StefanoIG\Desktop\Tesis\venv\Lib\site-packages\drf_spectacular\openapi.py", line 914, in _map_serializer
    schema = self._map_basic_serializer(serializer, direction)
             ^^^^^^^^^^^^^^^^^^^^^^^^^^^^^^^^^^^^^^^^^^^^^^^^^
  File "C:\Users\StefanoIG\Desktop\Tesis\venv\Lib\site-packages\drf_spectacular\openapi.py", line 1012, in _map_basic_serializer
    schema = self._map_serializer_field(field, direction)
             ^^^^^^^^^^^^^^^^^^^^^^^^^^^^^^^^^^^^^^^^^^^^
  File "C:\Users\StefanoIG\Desktop\Tesis\venv\Lib\site-packages\drf_spectacular\openapi.py", line 654, in _map_serializer_field
    schema = self._unwrap_list_serializer(field, direction)
             ^^^^^^^^^^^^^^^^^^^^^^^^^^^^^^^^^^^^^^^^^^^^^^
  File "C:\Users\StefanoIG\Desktop\Tesis\venv\Lib\site-packages\drf_spectacular\openapi.py", line 1387, in _unwrap_list_serializer
    result = self._unwrap_list_serializer(serializer.child, direction)
             ^^^^^^^^^^^^^^^^^^^^^^^^^^^^^^^^^^^^^^^^^^^^^^^^^^^^^^^^^
  File "C:\Users\StefanoIG\Desktop\Tesis\venv\Lib\site-packages\drf_spectacular\openapi.py", line 1384, in _unwrap_list_serializer
    component = self.resolve_serializer(serializer, direction)
                ^^^^^^^^^^^^^^^^^^^^^^^^^^^^^^^^^^^^^^^^^^^^^^
  File "C:\Users\StefanoIG\Desktop\Tesis\venv\Lib\site-packages\drf_spectacular\openapi.py", line 1585, in resolve_serializer
    component.schema = self._map_serializer(serializer, direction, bypass_extensions)
                       ^^^^^^^^^^^^^^^^^^^^^^^^^^^^^^^^^^^^^^^^^^^^^^^^^^^^^^^^^^^^^^
  File "C:\Users\StefanoIG\Desktop\Tesis\venv\Lib\site-packages\drf_spectacular\openapi.py", line 914, in _map_serializer
    schema = self._map_basic_serializer(serializer, direction)
             ^^^^^^^^^^^^^^^^^^^^^^^^^^^^^^^^^^^^^^^^^^^^^^^^^
  File "C:\Users\StefanoIG\Desktop\Tesis\venv\Lib\site-packages\drf_spectacular\openapi.py", line 1006, in _map_basic_serializer
    for field in serializer.fields.values():
                 ^^^^^^^^^^^^^^^^^
  File "C:\Users\StefanoIG\Desktop\Tesis\venv\Lib\site-packages\django\utils\functional.py", line 57, in __get__
    res = instance.__dict__[self.name] = self.func(instance)
                                         ^^^^^^^^^^^^^^^^^^^
  File "C:\Users\StefanoIG\Desktop\Tesis\venv\Lib\site-packages\rest_framework\serializers.py", line 356, in fields
    for key, value in self.get_fields().items():
                      ^^^^^^^^^^^^^^^^^
  File "C:\Users\StefanoIG\Desktop\Tesis\venv\Lib\site-packages\rest_framework\serializers.py", line 1076, in get_fields
    field_class, field_kwargs = self.build_field(
                                ^^^^^^^^^^^^^^^^^
  File "C:\Users\StefanoIG\Desktop\Tesis\venv\Lib\site-packages\rest_framework\serializers.py", line 1222, in build_field
    return self.build_unknown_field(field_name, model_class)
           ^^^^^^^^^^^^^^^^^^^^^^^^^^^^^^^^^^^^^^^^^^^^^^^^^
  File "C:\Users\StefanoIG\Desktop\Tesis\venv\Lib\site-packages\rest_framework\serializers.py", line 1340, in build_unknown_field
    raise ImproperlyConfigured(
django.core.exceptions.ImproperlyConfigured: Field name `ubicacion` is not valid for model `RuteTrackingActual`.
ERROR 2025-10-21 21:38:50,127 log 72784 45964 Internal Server Error: /api/schema/
Traceback (most recent call last):
  File "C:\Users\StefanoIG\Desktop\Tesis\venv\Lib\site-packages\django\core\handlers\exception.py", line 55, in inner
    response = get_response(request)
               ^^^^^^^^^^^^^^^^^^^^^
  File "C:\Users\StefanoIG\Desktop\Tesis\venv\Lib\site-packages\django\core\handlers\base.py", line 197, in _get_response
    response = wrapped_callback(request, *callback_args, **callback_kwargs)
               ^^^^^^^^^^^^^^^^^^^^^^^^^^^^^^^^^^^^^^^^^^^^^^^^^^^^^^^^^^^^
  File "C:\Users\StefanoIG\Desktop\Tesis\venv\Lib\site-packages\django\views\decorators\csrf.py", line 56, in wrapper_view
    return view_func(*args, **kwargs)
           ^^^^^^^^^^^^^^^^^^^^^^^^^^
  File "C:\Users\StefanoIG\Desktop\Tesis\venv\Lib\site-packages\django\views\generic\base.py", line 104, in view
    return self.dispatch(request, *args, **kwargs)
           ^^^^^^^^^^^^^^^^^^^^^^^^^^^^^^^^^^^^^^^
  File "C:\Users\StefanoIG\Desktop\Tesis\venv\Lib\site-packages\rest_framework\views.py", line 509, in dispatch
    response = self.handle_exception(exc)
               ^^^^^^^^^^^^^^^^^^^^^^^^^^
  File "C:\Users\StefanoIG\Desktop\Tesis\venv\Lib\site-packages\rest_framework\views.py", line 469, in handle_exception
    self.raise_uncaught_exception(exc)
  File "C:\Users\StefanoIG\Desktop\Tesis\venv\Lib\site-packages\rest_framework\views.py", line 480, in raise_uncaught_exception
    raise exc
  File "C:\Users\StefanoIG\Desktop\Tesis\venv\Lib\site-packages\rest_framework\views.py", line 506, in dispatch
    response = handler(request, *args, **kwargs)
               ^^^^^^^^^^^^^^^^^^^^^^^^^^^^^^^^^
  File "C:\Users\StefanoIG\Desktop\Tesis\venv\Lib\site-packages\drf_spectacular\views.py", line 83, in get
    return self._get_schema_response(request)
           ^^^^^^^^^^^^^^^^^^^^^^^^^^^^^^^^^^
  File "C:\Users\StefanoIG\Desktop\Tesis\venv\Lib\site-packages\drf_spectacular\views.py", line 91, in _get_schema_response
    data=generator.get_schema(request=request, public=self.serve_public),
         ^^^^^^^^^^^^^^^^^^^^^^^^^^^^^^^^^^^^^^^^^^^^^^^^^^^^^^^^^^^^^^^
  File "C:\Users\StefanoIG\Desktop\Tesis\venv\Lib\site-packages\drf_spectacular\generators.py", line 268, in get_schema
    paths=self.parse(request, public),
          ^^^^^^^^^^^^^^^^^^^^^^^^^^^
  File "C:\Users\StefanoIG\Desktop\Tesis\venv\Lib\site-packages\drf_spectacular\generators.py", line 239, in parse
    operation = view.schema.get_operation(
                ^^^^^^^^^^^^^^^^^^^^^^^^^^
  File "C:\Users\StefanoIG\Desktop\Tesis\venv\Lib\site-packages\drf_spectacular\openapi.py", line 98, in get_operation
    operation['responses'] = self._get_response_bodies()
                             ^^^^^^^^^^^^^^^^^^^^^^^^^^^
  File "C:\Users\StefanoIG\Desktop\Tesis\venv\Lib\site-packages\drf_spectacular\openapi.py", line 1355, in _get_response_bodies
    return {'200': self._get_response_for_code(response_serializers, '200', direction=direction)}
                   ^^^^^^^^^^^^^^^^^^^^^^^^^^^^^^^^^^^^^^^^^^^^^^^^^^^^^^^^^^^^^^^^^^^^^^^^^^^^^
  File "C:\Users\StefanoIG\Desktop\Tesis\venv\Lib\site-packages\drf_spectacular\openapi.py", line 1411, in _get_response_for_code
    component = self.resolve_serializer(serializer, direction)
                ^^^^^^^^^^^^^^^^^^^^^^^^^^^^^^^^^^^^^^^^^^^^^^
  File "C:\Users\StefanoIG\Desktop\Tesis\venv\Lib\site-packages\drf_spectacular\openapi.py", line 1585, in resolve_serializer
    component.schema = self._map_serializer(serializer, direction, bypass_extensions)
                       ^^^^^^^^^^^^^^^^^^^^^^^^^^^^^^^^^^^^^^^^^^^^^^^^^^^^^^^^^^^^^^
  File "C:\Users\StefanoIG\Desktop\Tesis\venv\Lib\site-packages\drf_spectacular\openapi.py", line 914, in _map_serializer
    schema = self._map_basic_serializer(serializer, direction)
             ^^^^^^^^^^^^^^^^^^^^^^^^^^^^^^^^^^^^^^^^^^^^^^^^^
  File "C:\Users\StefanoIG\Desktop\Tesis\venv\Lib\site-packages\drf_spectacular\openapi.py", line 1012, in _map_basic_serializer
    schema = self._map_serializer_field(field, direction)
             ^^^^^^^^^^^^^^^^^^^^^^^^^^^^^^^^^^^^^^^^^^^^
  File "C:\Users\StefanoIG\Desktop\Tesis\venv\Lib\site-packages\drf_spectacular\openapi.py", line 654, in _map_serializer_field
    schema = self._unwrap_list_serializer(field, direction)
             ^^^^^^^^^^^^^^^^^^^^^^^^^^^^^^^^^^^^^^^^^^^^^^
  File "C:\Users\StefanoIG\Desktop\Tesis\venv\Lib\site-packages\drf_spectacular\openapi.py", line 1387, in _unwrap_list_serializer
    result = self._unwrap_list_serializer(serializer.child, direction)
             ^^^^^^^^^^^^^^^^^^^^^^^^^^^^^^^^^^^^^^^^^^^^^^^^^^^^^^^^^
  File "C:\Users\StefanoIG\Desktop\Tesis\venv\Lib\site-packages\drf_spectacular\openapi.py", line 1384, in _unwrap_list_serializer
    component = self.resolve_serializer(serializer, direction)
                ^^^^^^^^^^^^^^^^^^^^^^^^^^^^^^^^^^^^^^^^^^^^^^
  File "C:\Users\StefanoIG\Desktop\Tesis\venv\Lib\site-packages\drf_spectacular\openapi.py", line 1585, in resolve_serializer
    component.schema = self._map_serializer(serializer, direction, bypass_extensions)
                       ^^^^^^^^^^^^^^^^^^^^^^^^^^^^^^^^^^^^^^^^^^^^^^^^^^^^^^^^^^^^^^
  File "C:\Users\StefanoIG\Desktop\Tesis\venv\Lib\site-packages\drf_spectacular\openapi.py", line 914, in _map_serializer
    schema = self._map_basic_serializer(serializer, direction)
             ^^^^^^^^^^^^^^^^^^^^^^^^^^^^^^^^^^^^^^^^^^^^^^^^^
  File "C:\Users\StefanoIG\Desktop\Tesis\venv\Lib\site-packages\drf_spectacular\openapi.py", line 1006, in _map_basic_serializer
    for field in serializer.fields.values():
                 ^^^^^^^^^^^^^^^^^
  File "C:\Users\StefanoIG\Desktop\Tesis\venv\Lib\site-packages\django\utils\functional.py", line 57, in __get__
    res = instance.__dict__[self.name] = self.func(instance)
                                         ^^^^^^^^^^^^^^^^^^^
  File "C:\Users\StefanoIG\Desktop\Tesis\venv\Lib\site-packages\rest_framework\serializers.py", line 356, in fields
    for key, value in self.get_fields().items():
                      ^^^^^^^^^^^^^^^^^
  File "C:\Users\StefanoIG\Desktop\Tesis\venv\Lib\site-packages\rest_framework\serializers.py", line 1076, in get_fields
    field_class, field_kwargs = self.build_field(
                                ^^^^^^^^^^^^^^^^^
  File "C:\Users\StefanoIG\Desktop\Tesis\venv\Lib\site-packages\rest_framework\serializers.py", line 1222, in build_field
    return self.build_unknown_field(field_name, model_class)
           ^^^^^^^^^^^^^^^^^^^^^^^^^^^^^^^^^^^^^^^^^^^^^^^^^
  File "C:\Users\StefanoIG\Desktop\Tesis\venv\Lib\site-packages\rest_framework\serializers.py", line 1340, in build_unknown_field
    raise ImproperlyConfigured(
django.core.exceptions.ImproperlyConfigured: Field name `ubicacion` is not valid for model `RuteTrackingActual`.
ERROR 2025-10-21 21:38:58,103 log 72784 45964 Internal Server Error: /api/schema/
Traceback (most recent call last):
  File "C:\Users\StefanoIG\Desktop\Tesis\venv\Lib\site-packages\django\core\handlers\exception.py", line 55, in inner
    response = get_response(request)
               ^^^^^^^^^^^^^^^^^^^^^
  File "C:\Users\StefanoIG\Desktop\Tesis\venv\Lib\site-packages\django\core\handlers\base.py", line 197, in _get_response
    response = wrapped_callback(request, *callback_args, **callback_kwargs)
               ^^^^^^^^^^^^^^^^^^^^^^^^^^^^^^^^^^^^^^^^^^^^^^^^^^^^^^^^^^^^
  File "C:\Users\StefanoIG\Desktop\Tesis\venv\Lib\site-packages\django\views\decorators\csrf.py", line 56, in wrapper_view
    return view_func(*args, **kwargs)
           ^^^^^^^^^^^^^^^^^^^^^^^^^^
  File "C:\Users\StefanoIG\Desktop\Tesis\venv\Lib\site-packages\django\views\generic\base.py", line 104, in view
    return self.dispatch(request, *args, **kwargs)
           ^^^^^^^^^^^^^^^^^^^^^^^^^^^^^^^^^^^^^^^
  File "C:\Users\StefanoIG\Desktop\Tesis\venv\Lib\site-packages\rest_framework\views.py", line 509, in dispatch
    response = self.handle_exception(exc)
               ^^^^^^^^^^^^^^^^^^^^^^^^^^
  File "C:\Users\StefanoIG\Desktop\Tesis\venv\Lib\site-packages\rest_framework\views.py", line 469, in handle_exception
    self.raise_uncaught_exception(exc)
  File "C:\Users\StefanoIG\Desktop\Tesis\venv\Lib\site-packages\rest_framework\views.py", line 480, in raise_uncaught_exception
    raise exc
  File "C:\Users\StefanoIG\Desktop\Tesis\venv\Lib\site-packages\rest_framework\views.py", line 506, in dispatch
    response = handler(request, *args, **kwargs)
               ^^^^^^^^^^^^^^^^^^^^^^^^^^^^^^^^^
  File "C:\Users\StefanoIG\Desktop\Tesis\venv\Lib\site-packages\drf_spectacular\views.py", line 83, in get
    return self._get_schema_response(request)
           ^^^^^^^^^^^^^^^^^^^^^^^^^^^^^^^^^^
  File "C:\Users\StefanoIG\Desktop\Tesis\venv\Lib\site-packages\drf_spectacular\views.py", line 91, in _get_schema_response
    data=generator.get_schema(request=request, public=self.serve_public),
         ^^^^^^^^^^^^^^^^^^^^^^^^^^^^^^^^^^^^^^^^^^^^^^^^^^^^^^^^^^^^^^^
  File "C:\Users\StefanoIG\Desktop\Tesis\venv\Lib\site-packages\drf_spectacular\generators.py", line 268, in get_schema
    paths=self.parse(request, public),
          ^^^^^^^^^^^^^^^^^^^^^^^^^^^
  File "C:\Users\StefanoIG\Desktop\Tesis\venv\Lib\site-packages\drf_spectacular\generators.py", line 239, in parse
    operation = view.schema.get_operation(
                ^^^^^^^^^^^^^^^^^^^^^^^^^^
  File "C:\Users\StefanoIG\Desktop\Tesis\venv\Lib\site-packages\drf_spectacular\openapi.py", line 98, in get_operation
    operation['responses'] = self._get_response_bodies()
                             ^^^^^^^^^^^^^^^^^^^^^^^^^^^
  File "C:\Users\StefanoIG\Desktop\Tesis\venv\Lib\site-packages\drf_spectacular\openapi.py", line 1355, in _get_response_bodies
    return {'200': self._get_response_for_code(response_serializers, '200', direction=direction)}
                   ^^^^^^^^^^^^^^^^^^^^^^^^^^^^^^^^^^^^^^^^^^^^^^^^^^^^^^^^^^^^^^^^^^^^^^^^^^^^^
  File "C:\Users\StefanoIG\Desktop\Tesis\venv\Lib\site-packages\drf_spectacular\openapi.py", line 1411, in _get_response_for_code
    component = self.resolve_serializer(serializer, direction)
                ^^^^^^^^^^^^^^^^^^^^^^^^^^^^^^^^^^^^^^^^^^^^^^
  File "C:\Users\StefanoIG\Desktop\Tesis\venv\Lib\site-packages\drf_spectacular\openapi.py", line 1585, in resolve_serializer
    component.schema = self._map_serializer(serializer, direction, bypass_extensions)
                       ^^^^^^^^^^^^^^^^^^^^^^^^^^^^^^^^^^^^^^^^^^^^^^^^^^^^^^^^^^^^^^
  File "C:\Users\StefanoIG\Desktop\Tesis\venv\Lib\site-packages\drf_spectacular\openapi.py", line 914, in _map_serializer
    schema = self._map_basic_serializer(serializer, direction)
             ^^^^^^^^^^^^^^^^^^^^^^^^^^^^^^^^^^^^^^^^^^^^^^^^^
  File "C:\Users\StefanoIG\Desktop\Tesis\venv\Lib\site-packages\drf_spectacular\openapi.py", line 1012, in _map_basic_serializer
    schema = self._map_serializer_field(field, direction)
             ^^^^^^^^^^^^^^^^^^^^^^^^^^^^^^^^^^^^^^^^^^^^
  File "C:\Users\StefanoIG\Desktop\Tesis\venv\Lib\site-packages\drf_spectacular\openapi.py", line 654, in _map_serializer_field
    schema = self._unwrap_list_serializer(field, direction)
             ^^^^^^^^^^^^^^^^^^^^^^^^^^^^^^^^^^^^^^^^^^^^^^
  File "C:\Users\StefanoIG\Desktop\Tesis\venv\Lib\site-packages\drf_spectacular\openapi.py", line 1387, in _unwrap_list_serializer
    result = self._unwrap_list_serializer(serializer.child, direction)
             ^^^^^^^^^^^^^^^^^^^^^^^^^^^^^^^^^^^^^^^^^^^^^^^^^^^^^^^^^
  File "C:\Users\StefanoIG\Desktop\Tesis\venv\Lib\site-packages\drf_spectacular\openapi.py", line 1384, in _unwrap_list_serializer
    component = self.resolve_serializer(serializer, direction)
                ^^^^^^^^^^^^^^^^^^^^^^^^^^^^^^^^^^^^^^^^^^^^^^
  File "C:\Users\StefanoIG\Desktop\Tesis\venv\Lib\site-packages\drf_spectacular\openapi.py", line 1585, in resolve_serializer
    component.schema = self._map_serializer(serializer, direction, bypass_extensions)
                       ^^^^^^^^^^^^^^^^^^^^^^^^^^^^^^^^^^^^^^^^^^^^^^^^^^^^^^^^^^^^^^
  File "C:\Users\StefanoIG\Desktop\Tesis\venv\Lib\site-packages\drf_spectacular\openapi.py", line 914, in _map_serializer
    schema = self._map_basic_serializer(serializer, direction)
             ^^^^^^^^^^^^^^^^^^^^^^^^^^^^^^^^^^^^^^^^^^^^^^^^^
  File "C:\Users\StefanoIG\Desktop\Tesis\venv\Lib\site-packages\drf_spectacular\openapi.py", line 1006, in _map_basic_serializer
    for field in serializer.fields.values():
                 ^^^^^^^^^^^^^^^^^
  File "C:\Users\StefanoIG\Desktop\Tesis\venv\Lib\site-packages\django\utils\functional.py", line 57, in __get__
    res = instance.__dict__[self.name] = self.func(instance)
                                         ^^^^^^^^^^^^^^^^^^^
  File "C:\Users\StefanoIG\Desktop\Tesis\venv\Lib\site-packages\rest_framework\serializers.py", line 356, in fields
    for key, value in self.get_fields().items():
                      ^^^^^^^^^^^^^^^^^
  File "C:\Users\StefanoIG\Desktop\Tesis\venv\Lib\site-packages\rest_framework\serializers.py", line 1076, in get_fields
    field_class, field_kwargs = self.build_field(
                                ^^^^^^^^^^^^^^^^^
  File "C:\Users\StefanoIG\Desktop\Tesis\venv\Lib\site-packages\rest_framework\serializers.py", line 1222, in build_field
    return self.build_unknown_field(field_name, model_class)
           ^^^^^^^^^^^^^^^^^^^^^^^^^^^^^^^^^^^^^^^^^^^^^^^^^
  File "C:\Users\StefanoIG\Desktop\Tesis\venv\Lib\site-packages\rest_framework\serializers.py", line 1340, in build_unknown_field
    raise ImproperlyConfigured(
django.core.exceptions.ImproperlyConfigured: Field name `ubicacion` is not valid for model `RuteTrackingActual`.
ERROR 2025-10-21 21:38:58,322 log 72784 45964 Internal Server Error: /api/schema/
Traceback (most recent call last):
  File "C:\Users\StefanoIG\Desktop\Tesis\venv\Lib\site-packages\django\core\handlers\exception.py", line 55, in inner
    response = get_response(request)
               ^^^^^^^^^^^^^^^^^^^^^
  File "C:\Users\StefanoIG\Desktop\Tesis\venv\Lib\site-packages\django\core\handlers\base.py", line 197, in _get_response
    response = wrapped_callback(request, *callback_args, **callback_kwargs)
               ^^^^^^^^^^^^^^^^^^^^^^^^^^^^^^^^^^^^^^^^^^^^^^^^^^^^^^^^^^^^
  File "C:\Users\StefanoIG\Desktop\Tesis\venv\Lib\site-packages\django\views\decorators\csrf.py", line 56, in wrapper_view
    return view_func(*args, **kwargs)
           ^^^^^^^^^^^^^^^^^^^^^^^^^^
  File "C:\Users\StefanoIG\Desktop\Tesis\venv\Lib\site-packages\django\views\generic\base.py", line 104, in view
    return self.dispatch(request, *args, **kwargs)
           ^^^^^^^^^^^^^^^^^^^^^^^^^^^^^^^^^^^^^^^
  File "C:\Users\StefanoIG\Desktop\Tesis\venv\Lib\site-packages\rest_framework\views.py", line 509, in dispatch
    response = self.handle_exception(exc)
               ^^^^^^^^^^^^^^^^^^^^^^^^^^
  File "C:\Users\StefanoIG\Desktop\Tesis\venv\Lib\site-packages\rest_framework\views.py", line 469, in handle_exception
    self.raise_uncaught_exception(exc)
  File "C:\Users\StefanoIG\Desktop\Tesis\venv\Lib\site-packages\rest_framework\views.py", line 480, in raise_uncaught_exception
    raise exc
  File "C:\Users\StefanoIG\Desktop\Tesis\venv\Lib\site-packages\rest_framework\views.py", line 506, in dispatch
    response = handler(request, *args, **kwargs)
               ^^^^^^^^^^^^^^^^^^^^^^^^^^^^^^^^^
  File "C:\Users\StefanoIG\Desktop\Tesis\venv\Lib\site-packages\drf_spectacular\views.py", line 83, in get
    return self._get_schema_response(request)
           ^^^^^^^^^^^^^^^^^^^^^^^^^^^^^^^^^^
  File "C:\Users\StefanoIG\Desktop\Tesis\venv\Lib\site-packages\drf_spectacular\views.py", line 91, in _get_schema_response
    data=generator.get_schema(request=request, public=self.serve_public),
         ^^^^^^^^^^^^^^^^^^^^^^^^^^^^^^^^^^^^^^^^^^^^^^^^^^^^^^^^^^^^^^^
  File "C:\Users\StefanoIG\Desktop\Tesis\venv\Lib\site-packages\drf_spectacular\generators.py", line 268, in get_schema
    paths=self.parse(request, public),
          ^^^^^^^^^^^^^^^^^^^^^^^^^^^
  File "C:\Users\StefanoIG\Desktop\Tesis\venv\Lib\site-packages\drf_spectacular\generators.py", line 239, in parse
    operation = view.schema.get_operation(
                ^^^^^^^^^^^^^^^^^^^^^^^^^^
  File "C:\Users\StefanoIG\Desktop\Tesis\venv\Lib\site-packages\drf_spectacular\openapi.py", line 98, in get_operation
    operation['responses'] = self._get_response_bodies()
                             ^^^^^^^^^^^^^^^^^^^^^^^^^^^
  File "C:\Users\StefanoIG\Desktop\Tesis\venv\Lib\site-packages\drf_spectacular\openapi.py", line 1355, in _get_response_bodies
    return {'200': self._get_response_for_code(response_serializers, '200', direction=direction)}
                   ^^^^^^^^^^^^^^^^^^^^^^^^^^^^^^^^^^^^^^^^^^^^^^^^^^^^^^^^^^^^^^^^^^^^^^^^^^^^^
  File "C:\Users\StefanoIG\Desktop\Tesis\venv\Lib\site-packages\drf_spectacular\openapi.py", line 1411, in _get_response_for_code
    component = self.resolve_serializer(serializer, direction)
                ^^^^^^^^^^^^^^^^^^^^^^^^^^^^^^^^^^^^^^^^^^^^^^
  File "C:\Users\StefanoIG\Desktop\Tesis\venv\Lib\site-packages\drf_spectacular\openapi.py", line 1585, in resolve_serializer
    component.schema = self._map_serializer(serializer, direction, bypass_extensions)
                       ^^^^^^^^^^^^^^^^^^^^^^^^^^^^^^^^^^^^^^^^^^^^^^^^^^^^^^^^^^^^^^
  File "C:\Users\StefanoIG\Desktop\Tesis\venv\Lib\site-packages\drf_spectacular\openapi.py", line 914, in _map_serializer
    schema = self._map_basic_serializer(serializer, direction)
             ^^^^^^^^^^^^^^^^^^^^^^^^^^^^^^^^^^^^^^^^^^^^^^^^^
  File "C:\Users\StefanoIG\Desktop\Tesis\venv\Lib\site-packages\drf_spectacular\openapi.py", line 1012, in _map_basic_serializer
    schema = self._map_serializer_field(field, direction)
             ^^^^^^^^^^^^^^^^^^^^^^^^^^^^^^^^^^^^^^^^^^^^
  File "C:\Users\StefanoIG\Desktop\Tesis\venv\Lib\site-packages\drf_spectacular\openapi.py", line 654, in _map_serializer_field
    schema = self._unwrap_list_serializer(field, direction)
             ^^^^^^^^^^^^^^^^^^^^^^^^^^^^^^^^^^^^^^^^^^^^^^
  File "C:\Users\StefanoIG\Desktop\Tesis\venv\Lib\site-packages\drf_spectacular\openapi.py", line 1387, in _unwrap_list_serializer
    result = self._unwrap_list_serializer(serializer.child, direction)
             ^^^^^^^^^^^^^^^^^^^^^^^^^^^^^^^^^^^^^^^^^^^^^^^^^^^^^^^^^
  File "C:\Users\StefanoIG\Desktop\Tesis\venv\Lib\site-packages\drf_spectacular\openapi.py", line 1384, in _unwrap_list_serializer
    component = self.resolve_serializer(serializer, direction)
                ^^^^^^^^^^^^^^^^^^^^^^^^^^^^^^^^^^^^^^^^^^^^^^
  File "C:\Users\StefanoIG\Desktop\Tesis\venv\Lib\site-packages\drf_spectacular\openapi.py", line 1585, in resolve_serializer
    component.schema = self._map_serializer(serializer, direction, bypass_extensions)
                       ^^^^^^^^^^^^^^^^^^^^^^^^^^^^^^^^^^^^^^^^^^^^^^^^^^^^^^^^^^^^^^
  File "C:\Users\StefanoIG\Desktop\Tesis\venv\Lib\site-packages\drf_spectacular\openapi.py", line 914, in _map_serializer
    schema = self._map_basic_serializer(serializer, direction)
             ^^^^^^^^^^^^^^^^^^^^^^^^^^^^^^^^^^^^^^^^^^^^^^^^^
  File "C:\Users\StefanoIG\Desktop\Tesis\venv\Lib\site-packages\drf_spectacular\openapi.py", line 1006, in _map_basic_serializer
    for field in serializer.fields.values():
                 ^^^^^^^^^^^^^^^^^
  File "C:\Users\StefanoIG\Desktop\Tesis\venv\Lib\site-packages\django\utils\functional.py", line 57, in __get__
    res = instance.__dict__[self.name] = self.func(instance)
                                         ^^^^^^^^^^^^^^^^^^^
  File "C:\Users\StefanoIG\Desktop\Tesis\venv\Lib\site-packages\rest_framework\serializers.py", line 356, in fields
    for key, value in self.get_fields().items():
                      ^^^^^^^^^^^^^^^^^
  File "C:\Users\StefanoIG\Desktop\Tesis\venv\Lib\site-packages\rest_framework\serializers.py", line 1076, in get_fields
    field_class, field_kwargs = self.build_field(
                                ^^^^^^^^^^^^^^^^^
  File "C:\Users\StefanoIG\Desktop\Tesis\venv\Lib\site-packages\rest_framework\serializers.py", line 1222, in build_field
    return self.build_unknown_field(field_name, model_class)
           ^^^^^^^^^^^^^^^^^^^^^^^^^^^^^^^^^^^^^^^^^^^^^^^^^
  File "C:\Users\StefanoIG\Desktop\Tesis\venv\Lib\site-packages\rest_framework\serializers.py", line 1340, in build_unknown_field
    raise ImproperlyConfigured(
django.core.exceptions.ImproperlyConfigured: Field name `ubicacion` is not valid for model `RuteTrackingActual`.
INFO 2025-10-21 21:39:32,939 autoreload 72784 64184 C:\Users\StefanoIG\Desktop\Tesis\backend\trazabilidad_agroindustrial\settings.py changed, reloading.
INFO 2025-10-21 21:39:33,815 autoreload 67820 38364 Watching for file changes with StatReloader
INFO 2025-10-21 21:39:47,770 autoreload 67820 38364 C:\Users\StefanoIG\Desktop\Tesis\backend\trazabilidad_agroindustrial\settings.py changed, reloading.
INFO 2025-10-21 21:39:48,592 autoreload 13752 25880 Watching for file changes with StatReloader
ERROR 2025-10-21 21:40:00,323 log 13752 35664 Internal Server Error: /api/schema/
Traceback (most recent call last):
  File "C:\Users\StefanoIG\Desktop\Tesis\venv\Lib\site-packages\django\core\handlers\exception.py", line 55, in inner
    response = get_response(request)
               ^^^^^^^^^^^^^^^^^^^^^
  File "C:\Users\StefanoIG\Desktop\Tesis\venv\Lib\site-packages\django\core\handlers\base.py", line 197, in _get_response
    response = wrapped_callback(request, *callback_args, **callback_kwargs)
               ^^^^^^^^^^^^^^^^^^^^^^^^^^^^^^^^^^^^^^^^^^^^^^^^^^^^^^^^^^^^
  File "C:\Users\StefanoIG\Desktop\Tesis\venv\Lib\site-packages\django\views\decorators\csrf.py", line 56, in wrapper_view
    return view_func(*args, **kwargs)
           ^^^^^^^^^^^^^^^^^^^^^^^^^^
  File "C:\Users\StefanoIG\Desktop\Tesis\venv\Lib\site-packages\django\views\generic\base.py", line 104, in view
    return self.dispatch(request, *args, **kwargs)
           ^^^^^^^^^^^^^^^^^^^^^^^^^^^^^^^^^^^^^^^
  File "C:\Users\StefanoIG\Desktop\Tesis\venv\Lib\site-packages\rest_framework\views.py", line 509, in dispatch
    response = self.handle_exception(exc)
               ^^^^^^^^^^^^^^^^^^^^^^^^^^
  File "C:\Users\StefanoIG\Desktop\Tesis\venv\Lib\site-packages\rest_framework\views.py", line 469, in handle_exception
    self.raise_uncaught_exception(exc)
  File "C:\Users\StefanoIG\Desktop\Tesis\venv\Lib\site-packages\rest_framework\views.py", line 480, in raise_uncaught_exception
    raise exc
  File "C:\Users\StefanoIG\Desktop\Tesis\venv\Lib\site-packages\rest_framework\views.py", line 506, in dispatch
    response = handler(request, *args, **kwargs)
               ^^^^^^^^^^^^^^^^^^^^^^^^^^^^^^^^^
  File "C:\Users\StefanoIG\Desktop\Tesis\venv\Lib\site-packages\drf_spectacular\views.py", line 83, in get
    return self._get_schema_response(request)
           ^^^^^^^^^^^^^^^^^^^^^^^^^^^^^^^^^^
  File "C:\Users\StefanoIG\Desktop\Tesis\venv\Lib\site-packages\drf_spectacular\views.py", line 91, in _get_schema_response
    data=generator.get_schema(request=request, public=self.serve_public),
         ^^^^^^^^^^^^^^^^^^^^^^^^^^^^^^^^^^^^^^^^^^^^^^^^^^^^^^^^^^^^^^^
  File "C:\Users\StefanoIG\Desktop\Tesis\venv\Lib\site-packages\drf_spectacular\generators.py", line 268, in get_schema
    paths=self.parse(request, public),
          ^^^^^^^^^^^^^^^^^^^^^^^^^^^
  File "C:\Users\StefanoIG\Desktop\Tesis\venv\Lib\site-packages\drf_spectacular\generators.py", line 239, in parse
    operation = view.schema.get_operation(
                ^^^^^^^^^^^^^^^^^^^^^^^^^^
  File "C:\Users\StefanoIG\Desktop\Tesis\venv\Lib\site-packages\drf_spectacular\openapi.py", line 98, in get_operation
    operation['responses'] = self._get_response_bodies()
                             ^^^^^^^^^^^^^^^^^^^^^^^^^^^
  File "C:\Users\StefanoIG\Desktop\Tesis\venv\Lib\site-packages\drf_spectacular\openapi.py", line 1355, in _get_response_bodies
    return {'200': self._get_response_for_code(response_serializers, '200', direction=direction)}
                   ^^^^^^^^^^^^^^^^^^^^^^^^^^^^^^^^^^^^^^^^^^^^^^^^^^^^^^^^^^^^^^^^^^^^^^^^^^^^^
  File "C:\Users\StefanoIG\Desktop\Tesis\venv\Lib\site-packages\drf_spectacular\openapi.py", line 1411, in _get_response_for_code
    component = self.resolve_serializer(serializer, direction)
                ^^^^^^^^^^^^^^^^^^^^^^^^^^^^^^^^^^^^^^^^^^^^^^
  File "C:\Users\StefanoIG\Desktop\Tesis\venv\Lib\site-packages\drf_spectacular\openapi.py", line 1585, in resolve_serializer
    component.schema = self._map_serializer(serializer, direction, bypass_extensions)
                       ^^^^^^^^^^^^^^^^^^^^^^^^^^^^^^^^^^^^^^^^^^^^^^^^^^^^^^^^^^^^^^
  File "C:\Users\StefanoIG\Desktop\Tesis\venv\Lib\site-packages\drf_spectacular\openapi.py", line 914, in _map_serializer
    schema = self._map_basic_serializer(serializer, direction)
             ^^^^^^^^^^^^^^^^^^^^^^^^^^^^^^^^^^^^^^^^^^^^^^^^^
  File "C:\Users\StefanoIG\Desktop\Tesis\venv\Lib\site-packages\drf_spectacular\openapi.py", line 1012, in _map_basic_serializer
    schema = self._map_serializer_field(field, direction)
             ^^^^^^^^^^^^^^^^^^^^^^^^^^^^^^^^^^^^^^^^^^^^
  File "C:\Users\StefanoIG\Desktop\Tesis\venv\Lib\site-packages\drf_spectacular\openapi.py", line 654, in _map_serializer_field
    schema = self._unwrap_list_serializer(field, direction)
             ^^^^^^^^^^^^^^^^^^^^^^^^^^^^^^^^^^^^^^^^^^^^^^
  File "C:\Users\StefanoIG\Desktop\Tesis\venv\Lib\site-packages\drf_spectacular\openapi.py", line 1387, in _unwrap_list_serializer
    result = self._unwrap_list_serializer(serializer.child, direction)
             ^^^^^^^^^^^^^^^^^^^^^^^^^^^^^^^^^^^^^^^^^^^^^^^^^^^^^^^^^
  File "C:\Users\StefanoIG\Desktop\Tesis\venv\Lib\site-packages\drf_spectacular\openapi.py", line 1384, in _unwrap_list_serializer
    component = self.resolve_serializer(serializer, direction)
                ^^^^^^^^^^^^^^^^^^^^^^^^^^^^^^^^^^^^^^^^^^^^^^
  File "C:\Users\StefanoIG\Desktop\Tesis\venv\Lib\site-packages\drf_spectacular\openapi.py", line 1585, in resolve_serializer
    component.schema = self._map_serializer(serializer, direction, bypass_extensions)
                       ^^^^^^^^^^^^^^^^^^^^^^^^^^^^^^^^^^^^^^^^^^^^^^^^^^^^^^^^^^^^^^
  File "C:\Users\StefanoIG\Desktop\Tesis\venv\Lib\site-packages\drf_spectacular\openapi.py", line 914, in _map_serializer
    schema = self._map_basic_serializer(serializer, direction)
             ^^^^^^^^^^^^^^^^^^^^^^^^^^^^^^^^^^^^^^^^^^^^^^^^^
  File "C:\Users\StefanoIG\Desktop\Tesis\venv\Lib\site-packages\drf_spectacular\openapi.py", line 1006, in _map_basic_serializer
    for field in serializer.fields.values():
                 ^^^^^^^^^^^^^^^^^
  File "C:\Users\StefanoIG\Desktop\Tesis\venv\Lib\site-packages\django\utils\functional.py", line 57, in __get__
    res = instance.__dict__[self.name] = self.func(instance)
                                         ^^^^^^^^^^^^^^^^^^^
  File "C:\Users\StefanoIG\Desktop\Tesis\venv\Lib\site-packages\rest_framework\serializers.py", line 356, in fields
    for key, value in self.get_fields().items():
                      ^^^^^^^^^^^^^^^^^
  File "C:\Users\StefanoIG\Desktop\Tesis\venv\Lib\site-packages\rest_framework\serializers.py", line 1076, in get_fields
    field_class, field_kwargs = self.build_field(
                                ^^^^^^^^^^^^^^^^^
  File "C:\Users\StefanoIG\Desktop\Tesis\venv\Lib\site-packages\rest_framework\serializers.py", line 1222, in build_field
    return self.build_unknown_field(field_name, model_class)
           ^^^^^^^^^^^^^^^^^^^^^^^^^^^^^^^^^^^^^^^^^^^^^^^^^
  File "C:\Users\StefanoIG\Desktop\Tesis\venv\Lib\site-packages\rest_framework\serializers.py", line 1340, in build_unknown_field
    raise ImproperlyConfigured(
django.core.exceptions.ImproperlyConfigured: Field name `ubicacion` is not valid for model `RuteTrackingActual`.
ERROR 2025-10-21 21:40:00,505 log 13752 35664 Internal Server Error: /api/schema/
Traceback (most recent call last):
  File "C:\Users\StefanoIG\Desktop\Tesis\venv\Lib\site-packages\django\core\handlers\exception.py", line 55, in inner
    response = get_response(request)
               ^^^^^^^^^^^^^^^^^^^^^
  File "C:\Users\StefanoIG\Desktop\Tesis\venv\Lib\site-packages\django\core\handlers\base.py", line 197, in _get_response
    response = wrapped_callback(request, *callback_args, **callback_kwargs)
               ^^^^^^^^^^^^^^^^^^^^^^^^^^^^^^^^^^^^^^^^^^^^^^^^^^^^^^^^^^^^
  File "C:\Users\StefanoIG\Desktop\Tesis\venv\Lib\site-packages\django\views\decorators\csrf.py", line 56, in wrapper_view
    return view_func(*args, **kwargs)
           ^^^^^^^^^^^^^^^^^^^^^^^^^^
  File "C:\Users\StefanoIG\Desktop\Tesis\venv\Lib\site-packages\django\views\generic\base.py", line 104, in view
    return self.dispatch(request, *args, **kwargs)
           ^^^^^^^^^^^^^^^^^^^^^^^^^^^^^^^^^^^^^^^
  File "C:\Users\StefanoIG\Desktop\Tesis\venv\Lib\site-packages\rest_framework\views.py", line 509, in dispatch
    response = self.handle_exception(exc)
               ^^^^^^^^^^^^^^^^^^^^^^^^^^
  File "C:\Users\StefanoIG\Desktop\Tesis\venv\Lib\site-packages\rest_framework\views.py", line 469, in handle_exception
    self.raise_uncaught_exception(exc)
  File "C:\Users\StefanoIG\Desktop\Tesis\venv\Lib\site-packages\rest_framework\views.py", line 480, in raise_uncaught_exception
    raise exc
  File "C:\Users\StefanoIG\Desktop\Tesis\venv\Lib\site-packages\rest_framework\views.py", line 506, in dispatch
    response = handler(request, *args, **kwargs)
               ^^^^^^^^^^^^^^^^^^^^^^^^^^^^^^^^^
  File "C:\Users\StefanoIG\Desktop\Tesis\venv\Lib\site-packages\drf_spectacular\views.py", line 83, in get
    return self._get_schema_response(request)
           ^^^^^^^^^^^^^^^^^^^^^^^^^^^^^^^^^^
  File "C:\Users\StefanoIG\Desktop\Tesis\venv\Lib\site-packages\drf_spectacular\views.py", line 91, in _get_schema_response
    data=generator.get_schema(request=request, public=self.serve_public),
         ^^^^^^^^^^^^^^^^^^^^^^^^^^^^^^^^^^^^^^^^^^^^^^^^^^^^^^^^^^^^^^^
  File "C:\Users\StefanoIG\Desktop\Tesis\venv\Lib\site-packages\drf_spectacular\generators.py", line 268, in get_schema
    paths=self.parse(request, public),
          ^^^^^^^^^^^^^^^^^^^^^^^^^^^
  File "C:\Users\StefanoIG\Desktop\Tesis\venv\Lib\site-packages\drf_spectacular\generators.py", line 239, in parse
    operation = view.schema.get_operation(
                ^^^^^^^^^^^^^^^^^^^^^^^^^^
  File "C:\Users\StefanoIG\Desktop\Tesis\venv\Lib\site-packages\drf_spectacular\openapi.py", line 98, in get_operation
    operation['responses'] = self._get_response_bodies()
                             ^^^^^^^^^^^^^^^^^^^^^^^^^^^
  File "C:\Users\StefanoIG\Desktop\Tesis\venv\Lib\site-packages\drf_spectacular\openapi.py", line 1355, in _get_response_bodies
    return {'200': self._get_response_for_code(response_serializers, '200', direction=direction)}
                   ^^^^^^^^^^^^^^^^^^^^^^^^^^^^^^^^^^^^^^^^^^^^^^^^^^^^^^^^^^^^^^^^^^^^^^^^^^^^^
  File "C:\Users\StefanoIG\Desktop\Tesis\venv\Lib\site-packages\drf_spectacular\openapi.py", line 1411, in _get_response_for_code
    component = self.resolve_serializer(serializer, direction)
                ^^^^^^^^^^^^^^^^^^^^^^^^^^^^^^^^^^^^^^^^^^^^^^
  File "C:\Users\StefanoIG\Desktop\Tesis\venv\Lib\site-packages\drf_spectacular\openapi.py", line 1585, in resolve_serializer
    component.schema = self._map_serializer(serializer, direction, bypass_extensions)
                       ^^^^^^^^^^^^^^^^^^^^^^^^^^^^^^^^^^^^^^^^^^^^^^^^^^^^^^^^^^^^^^
  File "C:\Users\StefanoIG\Desktop\Tesis\venv\Lib\site-packages\drf_spectacular\openapi.py", line 914, in _map_serializer
    schema = self._map_basic_serializer(serializer, direction)
             ^^^^^^^^^^^^^^^^^^^^^^^^^^^^^^^^^^^^^^^^^^^^^^^^^
  File "C:\Users\StefanoIG\Desktop\Tesis\venv\Lib\site-packages\drf_spectacular\openapi.py", line 1012, in _map_basic_serializer
    schema = self._map_serializer_field(field, direction)
             ^^^^^^^^^^^^^^^^^^^^^^^^^^^^^^^^^^^^^^^^^^^^
  File "C:\Users\StefanoIG\Desktop\Tesis\venv\Lib\site-packages\drf_spectacular\openapi.py", line 654, in _map_serializer_field
    schema = self._unwrap_list_serializer(field, direction)
             ^^^^^^^^^^^^^^^^^^^^^^^^^^^^^^^^^^^^^^^^^^^^^^
  File "C:\Users\StefanoIG\Desktop\Tesis\venv\Lib\site-packages\drf_spectacular\openapi.py", line 1387, in _unwrap_list_serializer
    result = self._unwrap_list_serializer(serializer.child, direction)
             ^^^^^^^^^^^^^^^^^^^^^^^^^^^^^^^^^^^^^^^^^^^^^^^^^^^^^^^^^
  File "C:\Users\StefanoIG\Desktop\Tesis\venv\Lib\site-packages\drf_spectacular\openapi.py", line 1384, in _unwrap_list_serializer
    component = self.resolve_serializer(serializer, direction)
                ^^^^^^^^^^^^^^^^^^^^^^^^^^^^^^^^^^^^^^^^^^^^^^
  File "C:\Users\StefanoIG\Desktop\Tesis\venv\Lib\site-packages\drf_spectacular\openapi.py", line 1585, in resolve_serializer
    component.schema = self._map_serializer(serializer, direction, bypass_extensions)
                       ^^^^^^^^^^^^^^^^^^^^^^^^^^^^^^^^^^^^^^^^^^^^^^^^^^^^^^^^^^^^^^
  File "C:\Users\StefanoIG\Desktop\Tesis\venv\Lib\site-packages\drf_spectacular\openapi.py", line 914, in _map_serializer
    schema = self._map_basic_serializer(serializer, direction)
             ^^^^^^^^^^^^^^^^^^^^^^^^^^^^^^^^^^^^^^^^^^^^^^^^^
  File "C:\Users\StefanoIG\Desktop\Tesis\venv\Lib\site-packages\drf_spectacular\openapi.py", line 1006, in _map_basic_serializer
    for field in serializer.fields.values():
                 ^^^^^^^^^^^^^^^^^
  File "C:\Users\StefanoIG\Desktop\Tesis\venv\Lib\site-packages\django\utils\functional.py", line 57, in __get__
    res = instance.__dict__[self.name] = self.func(instance)
                                         ^^^^^^^^^^^^^^^^^^^
  File "C:\Users\StefanoIG\Desktop\Tesis\venv\Lib\site-packages\rest_framework\serializers.py", line 356, in fields
    for key, value in self.get_fields().items():
                      ^^^^^^^^^^^^^^^^^
  File "C:\Users\StefanoIG\Desktop\Tesis\venv\Lib\site-packages\rest_framework\serializers.py", line 1076, in get_fields
    field_class, field_kwargs = self.build_field(
                                ^^^^^^^^^^^^^^^^^
  File "C:\Users\StefanoIG\Desktop\Tesis\venv\Lib\site-packages\rest_framework\serializers.py", line 1222, in build_field
    return self.build_unknown_field(field_name, model_class)
           ^^^^^^^^^^^^^^^^^^^^^^^^^^^^^^^^^^^^^^^^^^^^^^^^^
  File "C:\Users\StefanoIG\Desktop\Tesis\venv\Lib\site-packages\rest_framework\serializers.py", line 1340, in build_unknown_field
    raise ImproperlyConfigured(
django.core.exceptions.ImproperlyConfigured: Field name `ubicacion` is not valid for model `RuteTrackingActual`.
ERROR 2025-10-21 21:40:15,504 log 13752 35664 Internal Server Error: /api/schema/
Traceback (most recent call last):
  File "C:\Users\StefanoIG\Desktop\Tesis\venv\Lib\site-packages\django\core\handlers\exception.py", line 55, in inner
    response = get_response(request)
               ^^^^^^^^^^^^^^^^^^^^^
  File "C:\Users\StefanoIG\Desktop\Tesis\venv\Lib\site-packages\django\core\handlers\base.py", line 197, in _get_response
    response = wrapped_callback(request, *callback_args, **callback_kwargs)
               ^^^^^^^^^^^^^^^^^^^^^^^^^^^^^^^^^^^^^^^^^^^^^^^^^^^^^^^^^^^^
  File "C:\Users\StefanoIG\Desktop\Tesis\venv\Lib\site-packages\django\views\decorators\csrf.py", line 56, in wrapper_view
    return view_func(*args, **kwargs)
           ^^^^^^^^^^^^^^^^^^^^^^^^^^
  File "C:\Users\StefanoIG\Desktop\Tesis\venv\Lib\site-packages\django\views\generic\base.py", line 104, in view
    return self.dispatch(request, *args, **kwargs)
           ^^^^^^^^^^^^^^^^^^^^^^^^^^^^^^^^^^^^^^^
  File "C:\Users\StefanoIG\Desktop\Tesis\venv\Lib\site-packages\rest_framework\views.py", line 509, in dispatch
    response = self.handle_exception(exc)
               ^^^^^^^^^^^^^^^^^^^^^^^^^^
  File "C:\Users\StefanoIG\Desktop\Tesis\venv\Lib\site-packages\rest_framework\views.py", line 469, in handle_exception
    self.raise_uncaught_exception(exc)
  File "C:\Users\StefanoIG\Desktop\Tesis\venv\Lib\site-packages\rest_framework\views.py", line 480, in raise_uncaught_exception
    raise exc
  File "C:\Users\StefanoIG\Desktop\Tesis\venv\Lib\site-packages\rest_framework\views.py", line 506, in dispatch
    response = handler(request, *args, **kwargs)
               ^^^^^^^^^^^^^^^^^^^^^^^^^^^^^^^^^
  File "C:\Users\StefanoIG\Desktop\Tesis\venv\Lib\site-packages\drf_spectacular\views.py", line 83, in get
    return self._get_schema_response(request)
           ^^^^^^^^^^^^^^^^^^^^^^^^^^^^^^^^^^
  File "C:\Users\StefanoIG\Desktop\Tesis\venv\Lib\site-packages\drf_spectacular\views.py", line 91, in _get_schema_response
    data=generator.get_schema(request=request, public=self.serve_public),
         ^^^^^^^^^^^^^^^^^^^^^^^^^^^^^^^^^^^^^^^^^^^^^^^^^^^^^^^^^^^^^^^
  File "C:\Users\StefanoIG\Desktop\Tesis\venv\Lib\site-packages\drf_spectacular\generators.py", line 268, in get_schema
    paths=self.parse(request, public),
          ^^^^^^^^^^^^^^^^^^^^^^^^^^^
  File "C:\Users\StefanoIG\Desktop\Tesis\venv\Lib\site-packages\drf_spectacular\generators.py", line 239, in parse
    operation = view.schema.get_operation(
                ^^^^^^^^^^^^^^^^^^^^^^^^^^
  File "C:\Users\StefanoIG\Desktop\Tesis\venv\Lib\site-packages\drf_spectacular\openapi.py", line 98, in get_operation
    operation['responses'] = self._get_response_bodies()
                             ^^^^^^^^^^^^^^^^^^^^^^^^^^^
  File "C:\Users\StefanoIG\Desktop\Tesis\venv\Lib\site-packages\drf_spectacular\openapi.py", line 1355, in _get_response_bodies
    return {'200': self._get_response_for_code(response_serializers, '200', direction=direction)}
                   ^^^^^^^^^^^^^^^^^^^^^^^^^^^^^^^^^^^^^^^^^^^^^^^^^^^^^^^^^^^^^^^^^^^^^^^^^^^^^
  File "C:\Users\StefanoIG\Desktop\Tesis\venv\Lib\site-packages\drf_spectacular\openapi.py", line 1411, in _get_response_for_code
    component = self.resolve_serializer(serializer, direction)
                ^^^^^^^^^^^^^^^^^^^^^^^^^^^^^^^^^^^^^^^^^^^^^^
  File "C:\Users\StefanoIG\Desktop\Tesis\venv\Lib\site-packages\drf_spectacular\openapi.py", line 1585, in resolve_serializer
    component.schema = self._map_serializer(serializer, direction, bypass_extensions)
                       ^^^^^^^^^^^^^^^^^^^^^^^^^^^^^^^^^^^^^^^^^^^^^^^^^^^^^^^^^^^^^^
  File "C:\Users\StefanoIG\Desktop\Tesis\venv\Lib\site-packages\drf_spectacular\openapi.py", line 914, in _map_serializer
    schema = self._map_basic_serializer(serializer, direction)
             ^^^^^^^^^^^^^^^^^^^^^^^^^^^^^^^^^^^^^^^^^^^^^^^^^
  File "C:\Users\StefanoIG\Desktop\Tesis\venv\Lib\site-packages\drf_spectacular\openapi.py", line 1012, in _map_basic_serializer
    schema = self._map_serializer_field(field, direction)
             ^^^^^^^^^^^^^^^^^^^^^^^^^^^^^^^^^^^^^^^^^^^^
  File "C:\Users\StefanoIG\Desktop\Tesis\venv\Lib\site-packages\drf_spectacular\openapi.py", line 654, in _map_serializer_field
    schema = self._unwrap_list_serializer(field, direction)
             ^^^^^^^^^^^^^^^^^^^^^^^^^^^^^^^^^^^^^^^^^^^^^^
  File "C:\Users\StefanoIG\Desktop\Tesis\venv\Lib\site-packages\drf_spectacular\openapi.py", line 1387, in _unwrap_list_serializer
    result = self._unwrap_list_serializer(serializer.child, direction)
             ^^^^^^^^^^^^^^^^^^^^^^^^^^^^^^^^^^^^^^^^^^^^^^^^^^^^^^^^^
  File "C:\Users\StefanoIG\Desktop\Tesis\venv\Lib\site-packages\drf_spectacular\openapi.py", line 1384, in _unwrap_list_serializer
    component = self.resolve_serializer(serializer, direction)
                ^^^^^^^^^^^^^^^^^^^^^^^^^^^^^^^^^^^^^^^^^^^^^^
  File "C:\Users\StefanoIG\Desktop\Tesis\venv\Lib\site-packages\drf_spectacular\openapi.py", line 1585, in resolve_serializer
    component.schema = self._map_serializer(serializer, direction, bypass_extensions)
                       ^^^^^^^^^^^^^^^^^^^^^^^^^^^^^^^^^^^^^^^^^^^^^^^^^^^^^^^^^^^^^^
  File "C:\Users\StefanoIG\Desktop\Tesis\venv\Lib\site-packages\drf_spectacular\openapi.py", line 914, in _map_serializer
    schema = self._map_basic_serializer(serializer, direction)
             ^^^^^^^^^^^^^^^^^^^^^^^^^^^^^^^^^^^^^^^^^^^^^^^^^
  File "C:\Users\StefanoIG\Desktop\Tesis\venv\Lib\site-packages\drf_spectacular\openapi.py", line 1006, in _map_basic_serializer
    for field in serializer.fields.values():
                 ^^^^^^^^^^^^^^^^^
  File "C:\Users\StefanoIG\Desktop\Tesis\venv\Lib\site-packages\django\utils\functional.py", line 57, in __get__
    res = instance.__dict__[self.name] = self.func(instance)
                                         ^^^^^^^^^^^^^^^^^^^
  File "C:\Users\StefanoIG\Desktop\Tesis\venv\Lib\site-packages\rest_framework\serializers.py", line 356, in fields
    for key, value in self.get_fields().items():
                      ^^^^^^^^^^^^^^^^^
  File "C:\Users\StefanoIG\Desktop\Tesis\venv\Lib\site-packages\rest_framework\serializers.py", line 1076, in get_fields
    field_class, field_kwargs = self.build_field(
                                ^^^^^^^^^^^^^^^^^
  File "C:\Users\StefanoIG\Desktop\Tesis\venv\Lib\site-packages\rest_framework\serializers.py", line 1222, in build_field
    return self.build_unknown_field(field_name, model_class)
           ^^^^^^^^^^^^^^^^^^^^^^^^^^^^^^^^^^^^^^^^^^^^^^^^^
  File "C:\Users\StefanoIG\Desktop\Tesis\venv\Lib\site-packages\rest_framework\serializers.py", line 1340, in build_unknown_field
    raise ImproperlyConfigured(
django.core.exceptions.ImproperlyConfigured: Field name `ubicacion` is not valid for model `RuteTrackingActual`.
ERROR 2025-10-21 21:40:15,707 log 13752 35664 Internal Server Error: /api/schema/
Traceback (most recent call last):
  File "C:\Users\StefanoIG\Desktop\Tesis\venv\Lib\site-packages\django\core\handlers\exception.py", line 55, in inner
    response = get_response(request)
               ^^^^^^^^^^^^^^^^^^^^^
  File "C:\Users\StefanoIG\Desktop\Tesis\venv\Lib\site-packages\django\core\handlers\base.py", line 197, in _get_response
    response = wrapped_callback(request, *callback_args, **callback_kwargs)
               ^^^^^^^^^^^^^^^^^^^^^^^^^^^^^^^^^^^^^^^^^^^^^^^^^^^^^^^^^^^^
  File "C:\Users\StefanoIG\Desktop\Tesis\venv\Lib\site-packages\django\views\decorators\csrf.py", line 56, in wrapper_view
    return view_func(*args, **kwargs)
           ^^^^^^^^^^^^^^^^^^^^^^^^^^
  File "C:\Users\StefanoIG\Desktop\Tesis\venv\Lib\site-packages\django\views\generic\base.py", line 104, in view
    return self.dispatch(request, *args, **kwargs)
           ^^^^^^^^^^^^^^^^^^^^^^^^^^^^^^^^^^^^^^^
  File "C:\Users\StefanoIG\Desktop\Tesis\venv\Lib\site-packages\rest_framework\views.py", line 509, in dispatch
    response = self.handle_exception(exc)
               ^^^^^^^^^^^^^^^^^^^^^^^^^^
  File "C:\Users\StefanoIG\Desktop\Tesis\venv\Lib\site-packages\rest_framework\views.py", line 469, in handle_exception
    self.raise_uncaught_exception(exc)
  File "C:\Users\StefanoIG\Desktop\Tesis\venv\Lib\site-packages\rest_framework\views.py", line 480, in raise_uncaught_exception
    raise exc
  File "C:\Users\StefanoIG\Desktop\Tesis\venv\Lib\site-packages\rest_framework\views.py", line 506, in dispatch
    response = handler(request, *args, **kwargs)
               ^^^^^^^^^^^^^^^^^^^^^^^^^^^^^^^^^
  File "C:\Users\StefanoIG\Desktop\Tesis\venv\Lib\site-packages\drf_spectacular\views.py", line 83, in get
    return self._get_schema_response(request)
           ^^^^^^^^^^^^^^^^^^^^^^^^^^^^^^^^^^
  File "C:\Users\StefanoIG\Desktop\Tesis\venv\Lib\site-packages\drf_spectacular\views.py", line 91, in _get_schema_response
    data=generator.get_schema(request=request, public=self.serve_public),
         ^^^^^^^^^^^^^^^^^^^^^^^^^^^^^^^^^^^^^^^^^^^^^^^^^^^^^^^^^^^^^^^
  File "C:\Users\StefanoIG\Desktop\Tesis\venv\Lib\site-packages\drf_spectacular\generators.py", line 268, in get_schema
    paths=self.parse(request, public),
          ^^^^^^^^^^^^^^^^^^^^^^^^^^^
  File "C:\Users\StefanoIG\Desktop\Tesis\venv\Lib\site-packages\drf_spectacular\generators.py", line 239, in parse
    operation = view.schema.get_operation(
                ^^^^^^^^^^^^^^^^^^^^^^^^^^
  File "C:\Users\StefanoIG\Desktop\Tesis\venv\Lib\site-packages\drf_spectacular\openapi.py", line 98, in get_operation
    operation['responses'] = self._get_response_bodies()
                             ^^^^^^^^^^^^^^^^^^^^^^^^^^^
  File "C:\Users\StefanoIG\Desktop\Tesis\venv\Lib\site-packages\drf_spectacular\openapi.py", line 1355, in _get_response_bodies
    return {'200': self._get_response_for_code(response_serializers, '200', direction=direction)}
                   ^^^^^^^^^^^^^^^^^^^^^^^^^^^^^^^^^^^^^^^^^^^^^^^^^^^^^^^^^^^^^^^^^^^^^^^^^^^^^
  File "C:\Users\StefanoIG\Desktop\Tesis\venv\Lib\site-packages\drf_spectacular\openapi.py", line 1411, in _get_response_for_code
    component = self.resolve_serializer(serializer, direction)
                ^^^^^^^^^^^^^^^^^^^^^^^^^^^^^^^^^^^^^^^^^^^^^^
  File "C:\Users\StefanoIG\Desktop\Tesis\venv\Lib\site-packages\drf_spectacular\openapi.py", line 1585, in resolve_serializer
    component.schema = self._map_serializer(serializer, direction, bypass_extensions)
                       ^^^^^^^^^^^^^^^^^^^^^^^^^^^^^^^^^^^^^^^^^^^^^^^^^^^^^^^^^^^^^^
  File "C:\Users\StefanoIG\Desktop\Tesis\venv\Lib\site-packages\drf_spectacular\openapi.py", line 914, in _map_serializer
    schema = self._map_basic_serializer(serializer, direction)
             ^^^^^^^^^^^^^^^^^^^^^^^^^^^^^^^^^^^^^^^^^^^^^^^^^
  File "C:\Users\StefanoIG\Desktop\Tesis\venv\Lib\site-packages\drf_spectacular\openapi.py", line 1012, in _map_basic_serializer
    schema = self._map_serializer_field(field, direction)
             ^^^^^^^^^^^^^^^^^^^^^^^^^^^^^^^^^^^^^^^^^^^^
  File "C:\Users\StefanoIG\Desktop\Tesis\venv\Lib\site-packages\drf_spectacular\openapi.py", line 654, in _map_serializer_field
    schema = self._unwrap_list_serializer(field, direction)
             ^^^^^^^^^^^^^^^^^^^^^^^^^^^^^^^^^^^^^^^^^^^^^^
  File "C:\Users\StefanoIG\Desktop\Tesis\venv\Lib\site-packages\drf_spectacular\openapi.py", line 1387, in _unwrap_list_serializer
    result = self._unwrap_list_serializer(serializer.child, direction)
             ^^^^^^^^^^^^^^^^^^^^^^^^^^^^^^^^^^^^^^^^^^^^^^^^^^^^^^^^^
  File "C:\Users\StefanoIG\Desktop\Tesis\venv\Lib\site-packages\drf_spectacular\openapi.py", line 1384, in _unwrap_list_serializer
    component = self.resolve_serializer(serializer, direction)
                ^^^^^^^^^^^^^^^^^^^^^^^^^^^^^^^^^^^^^^^^^^^^^^
  File "C:\Users\StefanoIG\Desktop\Tesis\venv\Lib\site-packages\drf_spectacular\openapi.py", line 1585, in resolve_serializer
    component.schema = self._map_serializer(serializer, direction, bypass_extensions)
                       ^^^^^^^^^^^^^^^^^^^^^^^^^^^^^^^^^^^^^^^^^^^^^^^^^^^^^^^^^^^^^^
  File "C:\Users\StefanoIG\Desktop\Tesis\venv\Lib\site-packages\drf_spectacular\openapi.py", line 914, in _map_serializer
    schema = self._map_basic_serializer(serializer, direction)
             ^^^^^^^^^^^^^^^^^^^^^^^^^^^^^^^^^^^^^^^^^^^^^^^^^
  File "C:\Users\StefanoIG\Desktop\Tesis\venv\Lib\site-packages\drf_spectacular\openapi.py", line 1006, in _map_basic_serializer
    for field in serializer.fields.values():
                 ^^^^^^^^^^^^^^^^^
  File "C:\Users\StefanoIG\Desktop\Tesis\venv\Lib\site-packages\django\utils\functional.py", line 57, in __get__
    res = instance.__dict__[self.name] = self.func(instance)
                                         ^^^^^^^^^^^^^^^^^^^
  File "C:\Users\StefanoIG\Desktop\Tesis\venv\Lib\site-packages\rest_framework\serializers.py", line 356, in fields
    for key, value in self.get_fields().items():
                      ^^^^^^^^^^^^^^^^^
  File "C:\Users\StefanoIG\Desktop\Tesis\venv\Lib\site-packages\rest_framework\serializers.py", line 1076, in get_fields
    field_class, field_kwargs = self.build_field(
                                ^^^^^^^^^^^^^^^^^
  File "C:\Users\StefanoIG\Desktop\Tesis\venv\Lib\site-packages\rest_framework\serializers.py", line 1222, in build_field
    return self.build_unknown_field(field_name, model_class)
           ^^^^^^^^^^^^^^^^^^^^^^^^^^^^^^^^^^^^^^^^^^^^^^^^^
  File "C:\Users\StefanoIG\Desktop\Tesis\venv\Lib\site-packages\rest_framework\serializers.py", line 1340, in build_unknown_field
    raise ImproperlyConfigured(
django.core.exceptions.ImproperlyConfigured: Field name `ubicacion` is not valid for model `RuteTrackingActual`.
WARNING 2025-10-21 21:40:20,515 log 13752 58684 Unauthorized: /api/v1/usuarios/empresas/
WARNING 2025-10-21 21:40:22,850 log 13752 58684 Unauthorized: /api/v1/usuarios/empresas/
WARNING 2025-10-21 21:40:24,421 log 13752 58684 Unauthorized: /api/v1/usuarios/empresas/
INFO 2025-10-21 21:40:42,799 autoreload 13752 25880 C:\Users\StefanoIG\Desktop\Tesis\backend\apps\logistica\serializers.py changed, reloading.
INFO 2025-10-21 21:40:43,720 autoreload 62248 73832 Watching for file changes with StatReloader
INFO 2025-10-21 21:40:52,485 autoreload 62248 73832 C:\Users\StefanoIG\Desktop\Tesis\backend\apps\autenticacion\views.py changed, reloading.
INFO 2025-10-21 21:40:53,218 autoreload 48700 9212 Watching for file changes with StatReloader
ERROR 2025-10-21 22:23:11,503 log 48700 72220 Internal Server Error: /api/v1/auth/token/
Traceback (most recent call last):
  File "C:\Users\StefanoIG\Desktop\Tesis\venv\Lib\site-packages\django\core\handlers\exception.py", line 55, in inner
    response = get_response(request)
               ^^^^^^^^^^^^^^^^^^^^^
  File "C:\Users\StefanoIG\Desktop\Tesis\venv\Lib\site-packages\django\core\handlers\base.py", line 197, in _get_response
    response = wrapped_callback(request, *callback_args, **callback_kwargs)
               ^^^^^^^^^^^^^^^^^^^^^^^^^^^^^^^^^^^^^^^^^^^^^^^^^^^^^^^^^^^^
  File "C:\Users\StefanoIG\Desktop\Tesis\venv\Lib\site-packages\django\views\decorators\csrf.py", line 56, in wrapper_view
    return view_func(*args, **kwargs)
           ^^^^^^^^^^^^^^^^^^^^^^^^^^
  File "C:\Users\StefanoIG\Desktop\Tesis\venv\Lib\site-packages\django\views\generic\base.py", line 104, in view
    return self.dispatch(request, *args, **kwargs)
           ^^^^^^^^^^^^^^^^^^^^^^^^^^^^^^^^^^^^^^^
  File "C:\Users\StefanoIG\Desktop\Tesis\venv\Lib\site-packages\rest_framework\views.py", line 509, in dispatch
    response = self.handle_exception(exc)
               ^^^^^^^^^^^^^^^^^^^^^^^^^^
  File "C:\Users\StefanoIG\Desktop\Tesis\venv\Lib\site-packages\rest_framework\views.py", line 469, in handle_exception
    self.raise_uncaught_exception(exc)
  File "C:\Users\StefanoIG\Desktop\Tesis\venv\Lib\site-packages\rest_framework\views.py", line 480, in raise_uncaught_exception
    raise exc
  File "C:\Users\StefanoIG\Desktop\Tesis\venv\Lib\site-packages\rest_framework\views.py", line 506, in dispatch
    response = handler(request, *args, **kwargs)
               ^^^^^^^^^^^^^^^^^^^^^^^^^^^^^^^^^
  File "C:\Users\StefanoIG\Desktop\Tesis\venv\Lib\site-packages\rest_framework_simplejwt\views.py", line 44, in post
    serializer.is_valid(raise_exception=True)
  File "C:\Users\StefanoIG\Desktop\Tesis\venv\Lib\site-packages\rest_framework\serializers.py", line 227, in is_valid
    self._validated_data = self.run_validation(self.initial_data)
                           ^^^^^^^^^^^^^^^^^^^^^^^^^^^^^^^^^^^^^^
  File "C:\Users\StefanoIG\Desktop\Tesis\venv\Lib\site-packages\rest_framework\serializers.py", line 429, in run_validation
    value = self.validate(value)
            ^^^^^^^^^^^^^^^^^^^^
  File "C:\Users\StefanoIG\Desktop\Tesis\backend\apps\autenticacion\serializers.py", line 106, in validate
    data = super().validate(attrs)
           ^^^^^^^^^^^^^^^^^^^^^^^
  File "C:\Users\StefanoIG\Desktop\Tesis\venv\Lib\site-packages\rest_framework_simplejwt\serializers.py", line 75, in validate
    refresh = self.get_token(self.user)
              ^^^^^^^^^^^^^^^^^^^^^^^^^
  File "C:\Users\StefanoIG\Desktop\Tesis\backend\apps\autenticacion\serializers.py", line 97, in get_token
    token['nombre_completo'] = user.nombre_completo
                               ^^^^^^^^^^^^^^^^^^^^
AttributeError: 'User' object has no attribute 'nombre_completo'
ERROR 2025-10-21 22:24:23,059 log 48700 72220 Internal Server Error: /api/v1/auth/token/
Traceback (most recent call last):
  File "C:\Users\StefanoIG\Desktop\Tesis\venv\Lib\site-packages\django\core\handlers\exception.py", line 55, in inner
    response = get_response(request)
               ^^^^^^^^^^^^^^^^^^^^^
  File "C:\Users\StefanoIG\Desktop\Tesis\venv\Lib\site-packages\django\core\handlers\base.py", line 197, in _get_response
    response = wrapped_callback(request, *callback_args, **callback_kwargs)
               ^^^^^^^^^^^^^^^^^^^^^^^^^^^^^^^^^^^^^^^^^^^^^^^^^^^^^^^^^^^^
  File "C:\Users\StefanoIG\Desktop\Tesis\venv\Lib\site-packages\django\views\decorators\csrf.py", line 56, in wrapper_view
    return view_func(*args, **kwargs)
           ^^^^^^^^^^^^^^^^^^^^^^^^^^
  File "C:\Users\StefanoIG\Desktop\Tesis\venv\Lib\site-packages\django\views\generic\base.py", line 104, in view
    return self.dispatch(request, *args, **kwargs)
           ^^^^^^^^^^^^^^^^^^^^^^^^^^^^^^^^^^^^^^^
  File "C:\Users\StefanoIG\Desktop\Tesis\venv\Lib\site-packages\rest_framework\views.py", line 509, in dispatch
    response = self.handle_exception(exc)
               ^^^^^^^^^^^^^^^^^^^^^^^^^^
  File "C:\Users\StefanoIG\Desktop\Tesis\venv\Lib\site-packages\rest_framework\views.py", line 469, in handle_exception
    self.raise_uncaught_exception(exc)
  File "C:\Users\StefanoIG\Desktop\Tesis\venv\Lib\site-packages\rest_framework\views.py", line 480, in raise_uncaught_exception
    raise exc
  File "C:\Users\StefanoIG\Desktop\Tesis\venv\Lib\site-packages\rest_framework\views.py", line 506, in dispatch
    response = handler(request, *args, **kwargs)
               ^^^^^^^^^^^^^^^^^^^^^^^^^^^^^^^^^
  File "C:\Users\StefanoIG\Desktop\Tesis\venv\Lib\site-packages\rest_framework_simplejwt\views.py", line 44, in post
    serializer.is_valid(raise_exception=True)
  File "C:\Users\StefanoIG\Desktop\Tesis\venv\Lib\site-packages\rest_framework\serializers.py", line 227, in is_valid
    self._validated_data = self.run_validation(self.initial_data)
                           ^^^^^^^^^^^^^^^^^^^^^^^^^^^^^^^^^^^^^^
  File "C:\Users\StefanoIG\Desktop\Tesis\venv\Lib\site-packages\rest_framework\serializers.py", line 429, in run_validation
    value = self.validate(value)
            ^^^^^^^^^^^^^^^^^^^^
  File "C:\Users\StefanoIG\Desktop\Tesis\backend\apps\autenticacion\serializers.py", line 106, in validate
    data = super().validate(attrs)
           ^^^^^^^^^^^^^^^^^^^^^^^
  File "C:\Users\StefanoIG\Desktop\Tesis\venv\Lib\site-packages\rest_framework_simplejwt\serializers.py", line 75, in validate
    refresh = self.get_token(self.user)
              ^^^^^^^^^^^^^^^^^^^^^^^^^
  File "C:\Users\StefanoIG\Desktop\Tesis\backend\apps\autenticacion\serializers.py", line 97, in get_token
    token['nombre_completo'] = user.nombre_completo
                               ^^^^^^^^^^^^^^^^^^^^
AttributeError: 'User' object has no attribute 'nombre_completo'
INFO 2025-10-21 22:25:50,181 autoreload 48700 9212 C:\Users\StefanoIG\Desktop\Tesis\backend\apps\autenticacion\serializers.py changed, reloading.
INFO 2025-10-21 22:25:51,134 autoreload 72992 65480 Watching for file changes with StatReloader
INFO 2025-10-21 22:25:58,680 autoreload 72992 65480 C:\Users\StefanoIG\Desktop\Tesis\backend\apps\autenticacion\serializers.py changed, reloading.
INFO 2025-10-21 22:25:59,527 autoreload 64376 54772 Watching for file changes with StatReloader
WARNING 2025-10-21 22:39:30,922 log 64376 61560 Not Found: /api/v1/usuarios/
ERROR 2025-10-21 22:39:53,283 log 64376 61560 Internal Server Error: /api/v1/usuarios/empresas/
Traceback (most recent call last):
  File "C:\Users\StefanoIG\Desktop\Tesis\venv\Lib\site-packages\django\db\backends\utils.py", line 89, in _execute
    return self.cursor.execute(sql, params)
           ^^^^^^^^^^^^^^^^^^^^^^^^^^^^^^^^
  File "C:\Users\StefanoIG\Desktop\Tesis\venv\Lib\site-packages\django\db\backends\sqlite3\base.py", line 328, in execute
    return super().execute(query, params)
           ^^^^^^^^^^^^^^^^^^^^^^^^^^^^^^
sqlite3.OperationalError: no such table: empresas

The above exception was the direct cause of the following exception:

Traceback (most recent call last):
  File "C:\Users\StefanoIG\Desktop\Tesis\venv\Lib\site-packages\django\core\handlers\exception.py", line 55, in inner
    response = get_response(request)
               ^^^^^^^^^^^^^^^^^^^^^
  File "C:\Users\StefanoIG\Desktop\Tesis\venv\Lib\site-packages\django\core\handlers\base.py", line 197, in _get_response
    response = wrapped_callback(request, *callback_args, **callback_kwargs)
               ^^^^^^^^^^^^^^^^^^^^^^^^^^^^^^^^^^^^^^^^^^^^^^^^^^^^^^^^^^^^
  File "C:\Users\StefanoIG\Desktop\Tesis\venv\Lib\site-packages\django\views\decorators\csrf.py", line 56, in wrapper_view
    return view_func(*args, **kwargs)
           ^^^^^^^^^^^^^^^^^^^^^^^^^^
  File "C:\Users\StefanoIG\Desktop\Tesis\venv\Lib\site-packages\django\views\generic\base.py", line 104, in view
    return self.dispatch(request, *args, **kwargs)
           ^^^^^^^^^^^^^^^^^^^^^^^^^^^^^^^^^^^^^^^
  File "C:\Users\StefanoIG\Desktop\Tesis\venv\Lib\site-packages\rest_framework\views.py", line 509, in dispatch
    response = self.handle_exception(exc)
               ^^^^^^^^^^^^^^^^^^^^^^^^^^
  File "C:\Users\StefanoIG\Desktop\Tesis\venv\Lib\site-packages\rest_framework\views.py", line 469, in handle_exception
    self.raise_uncaught_exception(exc)
  File "C:\Users\StefanoIG\Desktop\Tesis\venv\Lib\site-packages\rest_framework\views.py", line 480, in raise_uncaught_exception
    raise exc
  File "C:\Users\StefanoIG\Desktop\Tesis\venv\Lib\site-packages\rest_framework\views.py", line 506, in dispatch
    response = handler(request, *args, **kwargs)
               ^^^^^^^^^^^^^^^^^^^^^^^^^^^^^^^^^
  File "C:\Users\StefanoIG\Desktop\Tesis\venv\Lib\site-packages\rest_framework\generics.py", line 239, in get
    return self.list(request, *args, **kwargs)
           ^^^^^^^^^^^^^^^^^^^^^^^^^^^^^^^^^^^
  File "C:\Users\StefanoIG\Desktop\Tesis\venv\Lib\site-packages\rest_framework\mixins.py", line 40, in list
    page = self.paginate_queryset(queryset)
           ^^^^^^^^^^^^^^^^^^^^^^^^^^^^^^^^
  File "C:\Users\StefanoIG\Desktop\Tesis\venv\Lib\site-packages\rest_framework\generics.py", line 171, in paginate_queryset
    return self.paginator.paginate_queryset(queryset, self.request, view=self)
           ^^^^^^^^^^^^^^^^^^^^^^^^^^^^^^^^^^^^^^^^^^^^^^^^^^^^^^^^^^^^^^^^^^^
  File "C:\Users\StefanoIG\Desktop\Tesis\venv\Lib\site-packages\rest_framework\pagination.py", line 204, in paginate_queryset
    self.page = paginator.page(page_number)
                ^^^^^^^^^^^^^^^^^^^^^^^^^^^
  File "C:\Users\StefanoIG\Desktop\Tesis\venv\Lib\site-packages\django\core\paginator.py", line 72, in page
    number = self.validate_number(number)
             ^^^^^^^^^^^^^^^^^^^^^^^^^^^^
  File "C:\Users\StefanoIG\Desktop\Tesis\venv\Lib\site-packages\django\core\paginator.py", line 53, in validate_number
    if number > self.num_pages:
                ^^^^^^^^^^^^^^
  File "C:\Users\StefanoIG\Desktop\Tesis\venv\Lib\site-packages\django\utils\functional.py", line 57, in __get__
    res = instance.__dict__[self.name] = self.func(instance)
                                         ^^^^^^^^^^^^^^^^^^^
  File "C:\Users\StefanoIG\Desktop\Tesis\venv\Lib\site-packages\django\core\paginator.py", line 99, in num_pages
    if self.count == 0 and not self.allow_empty_first_page:
       ^^^^^^^^^^
  File "C:\Users\StefanoIG\Desktop\Tesis\venv\Lib\site-packages\django\utils\functional.py", line 57, in __get__
    res = instance.__dict__[self.name] = self.func(instance)
                                         ^^^^^^^^^^^^^^^^^^^
  File "C:\Users\StefanoIG\Desktop\Tesis\venv\Lib\site-packages\django\core\paginator.py", line 93, in count
    return c()
           ^^^
  File "C:\Users\StefanoIG\Desktop\Tesis\venv\Lib\site-packages\django\db\models\query.py", line 608, in count
    return self.query.get_count(using=self.db)
           ^^^^^^^^^^^^^^^^^^^^^^^^^^^^^^^^^^^
  File "C:\Users\StefanoIG\Desktop\Tesis\venv\Lib\site-packages\django\db\models\sql\query.py", line 568, in get_count
    return obj.get_aggregation(using, {"__count": Count("*")})["__count"]
           ^^^^^^^^^^^^^^^^^^^^^^^^^^^^^^^^^^^^^^^^^^^^^^^^^^^
  File "C:\Users\StefanoIG\Desktop\Tesis\venv\Lib\site-packages\django\db\models\sql\query.py", line 554, in get_aggregation
    result = compiler.execute_sql(SINGLE)
             ^^^^^^^^^^^^^^^^^^^^^^^^^^^^
  File "C:\Users\StefanoIG\Desktop\Tesis\venv\Lib\site-packages\django\db\models\sql\compiler.py", line 1562, in execute_sql
    cursor.execute(sql, params)
  File "C:\Users\StefanoIG\Desktop\Tesis\venv\Lib\site-packages\django\db\backends\utils.py", line 102, in execute
    return super().execute(sql, params)
           ^^^^^^^^^^^^^^^^^^^^^^^^^^^^
  File "C:\Users\StefanoIG\Desktop\Tesis\venv\Lib\site-packages\django\db\backends\utils.py", line 67, in execute
    return self._execute_with_wrappers(
           ^^^^^^^^^^^^^^^^^^^^^^^^^^^^
  File "C:\Users\StefanoIG\Desktop\Tesis\venv\Lib\site-packages\django\db\backends\utils.py", line 80, in _execute_with_wrappers
    return executor(sql, params, many, context)
           ^^^^^^^^^^^^^^^^^^^^^^^^^^^^^^^^^^^^
  File "C:\Users\StefanoIG\Desktop\Tesis\venv\Lib\site-packages\django\db\backends\utils.py", line 84, in _execute
    with self.db.wrap_database_errors:
  File "C:\Users\StefanoIG\Desktop\Tesis\venv\Lib\site-packages\django\db\utils.py", line 91, in __exit__
    raise dj_exc_value.with_traceback(traceback) from exc_value
  File "C:\Users\StefanoIG\Desktop\Tesis\venv\Lib\site-packages\django\db\backends\utils.py", line 89, in _execute
    return self.cursor.execute(sql, params)
           ^^^^^^^^^^^^^^^^^^^^^^^^^^^^^^^^
  File "C:\Users\StefanoIG\Desktop\Tesis\venv\Lib\site-packages\django\db\backends\sqlite3\base.py", line 328, in execute
    return super().execute(query, params)
           ^^^^^^^^^^^^^^^^^^^^^^^^^^^^^^
django.db.utils.OperationalError: no such table: empresas
INFO 2025-10-21 22:40:16,391 autoreload 18616 12144 Watching for file changes with StatReloader
WARNING 2025-10-21 22:40:35,571 log 18616 29528 Bad Request: /api/v1/usuarios/empresas/
WARNING 2025-10-21 22:40:40,389 log 18616 29528 Bad Request: /api/v1/usuarios/empresas/
WARNING 2025-10-21 22:40:52,685 log 18616 29528 Bad Request: /api/v1/usuarios/fincas/
WARNING 2025-10-21 22:40:57,302 log 18616 29528 Bad Request: /api/v1/usuarios/fincas/
WARNING 2025-10-21 22:41:54,362 log 18616 40880 Bad Request: /api/v1/notificaciones/notificaciones/
WARNING 2025-10-21 22:41:56,400 log 18616 71732 Unauthorized: /api/v1/usuarios/empresas/
WARNING 2025-10-21 22:42:06,635 log 18616 64140 Not Found: /api/v1/sincronizacion/estados-sincronizacion/
WARNING 2025-10-21 22:43:14,466 log 18616 41672 Bad Request: /api/v1/usuarios/fincas/
ERROR 2025-10-21 22:43:16,556 log 18616 11152 Internal Server Error: /api/v1/notificaciones/notificaciones/
Traceback (most recent call last):
  File "C:\Users\StefanoIG\Desktop\Tesis\venv\Lib\site-packages\django\db\backends\utils.py", line 89, in _execute
    return self.cursor.execute(sql, params)
           ^^^^^^^^^^^^^^^^^^^^^^^^^^^^^^^^
  File "C:\Users\StefanoIG\Desktop\Tesis\venv\Lib\site-packages\django\db\backends\sqlite3\base.py", line 328, in execute
    return super().execute(query, params)
           ^^^^^^^^^^^^^^^^^^^^^^^^^^^^^^
sqlite3.IntegrityError: NOT NULL constraint failed: notificaciones.usuario_destinatario_id

The above exception was the direct cause of the following exception:

Traceback (most recent call last):
  File "C:\Users\StefanoIG\Desktop\Tesis\venv\Lib\site-packages\django\core\handlers\exception.py", line 55, in inner
    response = get_response(request)
               ^^^^^^^^^^^^^^^^^^^^^
  File "C:\Users\StefanoIG\Desktop\Tesis\venv\Lib\site-packages\django\core\handlers\base.py", line 197, in _get_response
    response = wrapped_callback(request, *callback_args, **callback_kwargs)
               ^^^^^^^^^^^^^^^^^^^^^^^^^^^^^^^^^^^^^^^^^^^^^^^^^^^^^^^^^^^^
  File "C:\Users\StefanoIG\Desktop\Tesis\venv\Lib\site-packages\django\views\decorators\csrf.py", line 56, in wrapper_view
    return view_func(*args, **kwargs)
           ^^^^^^^^^^^^^^^^^^^^^^^^^^
  File "C:\Users\StefanoIG\Desktop\Tesis\venv\Lib\site-packages\django\views\generic\base.py", line 104, in view
    return self.dispatch(request, *args, **kwargs)
           ^^^^^^^^^^^^^^^^^^^^^^^^^^^^^^^^^^^^^^^
  File "C:\Users\StefanoIG\Desktop\Tesis\venv\Lib\site-packages\rest_framework\views.py", line 509, in dispatch
    response = self.handle_exception(exc)
               ^^^^^^^^^^^^^^^^^^^^^^^^^^
  File "C:\Users\StefanoIG\Desktop\Tesis\venv\Lib\site-packages\rest_framework\views.py", line 469, in handle_exception
    self.raise_uncaught_exception(exc)
  File "C:\Users\StefanoIG\Desktop\Tesis\venv\Lib\site-packages\rest_framework\views.py", line 480, in raise_uncaught_exception
    raise exc
  File "C:\Users\StefanoIG\Desktop\Tesis\venv\Lib\site-packages\rest_framework\views.py", line 506, in dispatch
    response = handler(request, *args, **kwargs)
               ^^^^^^^^^^^^^^^^^^^^^^^^^^^^^^^^^
  File "C:\Users\StefanoIG\Desktop\Tesis\venv\Lib\site-packages\rest_framework\generics.py", line 242, in post
    return self.create(request, *args, **kwargs)
           ^^^^^^^^^^^^^^^^^^^^^^^^^^^^^^^^^^^^^
  File "C:\Users\StefanoIG\Desktop\Tesis\venv\Lib\site-packages\rest_framework\mixins.py", line 19, in create
    self.perform_create(serializer)
  File "C:\Users\StefanoIG\Desktop\Tesis\venv\Lib\site-packages\rest_framework\mixins.py", line 24, in perform_create
    serializer.save()
  File "C:\Users\StefanoIG\Desktop\Tesis\venv\Lib\site-packages\rest_framework\serializers.py", line 212, in save
    self.instance = self.create(validated_data)
                    ^^^^^^^^^^^^^^^^^^^^^^^^^^^
  File "C:\Users\StefanoIG\Desktop\Tesis\venv\Lib\site-packages\rest_framework\serializers.py", line 962, in create
    instance = ModelClass._default_manager.create(**validated_data)
               ^^^^^^^^^^^^^^^^^^^^^^^^^^^^^^^^^^^^^^^^^^^^^^^^^^^^
  File "C:\Users\StefanoIG\Desktop\Tesis\venv\Lib\site-packages\django\db\models\manager.py", line 87, in manager_method
    return getattr(self.get_queryset(), name)(*args, **kwargs)
           ^^^^^^^^^^^^^^^^^^^^^^^^^^^^^^^^^^^^^^^^^^^^^^^^^^^
  File "C:\Users\StefanoIG\Desktop\Tesis\venv\Lib\site-packages\django\db\models\query.py", line 658, in create
    obj.save(force_insert=True, using=self.db)
  File "C:\Users\StefanoIG\Desktop\Tesis\venv\Lib\site-packages\django\db\models\base.py", line 814, in save
    self.save_base(
  File "C:\Users\StefanoIG\Desktop\Tesis\venv\Lib\site-packages\django\db\models\base.py", line 877, in save_base
    updated = self._save_table(
              ^^^^^^^^^^^^^^^^^
  File "C:\Users\StefanoIG\Desktop\Tesis\venv\Lib\site-packages\django\db\models\base.py", line 1020, in _save_table
    results = self._do_insert(
              ^^^^^^^^^^^^^^^^
  File "C:\Users\StefanoIG\Desktop\Tesis\venv\Lib\site-packages\django\db\models\base.py", line 1061, in _do_insert
    return manager._insert(
           ^^^^^^^^^^^^^^^^
  File "C:\Users\StefanoIG\Desktop\Tesis\venv\Lib\site-packages\django\db\models\manager.py", line 87, in manager_method
    return getattr(self.get_queryset(), name)(*args, **kwargs)
           ^^^^^^^^^^^^^^^^^^^^^^^^^^^^^^^^^^^^^^^^^^^^^^^^^^^
  File "C:\Users\StefanoIG\Desktop\Tesis\venv\Lib\site-packages\django\db\models\query.py", line 1805, in _insert
    return query.get_compiler(using=using).execute_sql(returning_fields)
           ^^^^^^^^^^^^^^^^^^^^^^^^^^^^^^^^^^^^^^^^^^^^^^^^^^^^^^^^^^^^^
  File "C:\Users\StefanoIG\Desktop\Tesis\venv\Lib\site-packages\django\db\models\sql\compiler.py", line 1822, in execute_sql
    cursor.execute(sql, params)
  File "C:\Users\StefanoIG\Desktop\Tesis\venv\Lib\site-packages\django\db\backends\utils.py", line 102, in execute
    return super().execute(sql, params)
           ^^^^^^^^^^^^^^^^^^^^^^^^^^^^
  File "C:\Users\StefanoIG\Desktop\Tesis\venv\Lib\site-packages\django\db\backends\utils.py", line 67, in execute
    return self._execute_with_wrappers(
           ^^^^^^^^^^^^^^^^^^^^^^^^^^^^
  File "C:\Users\StefanoIG\Desktop\Tesis\venv\Lib\site-packages\django\db\backends\utils.py", line 80, in _execute_with_wrappers
    return executor(sql, params, many, context)
           ^^^^^^^^^^^^^^^^^^^^^^^^^^^^^^^^^^^^
  File "C:\Users\StefanoIG\Desktop\Tesis\venv\Lib\site-packages\django\db\backends\utils.py", line 84, in _execute
    with self.db.wrap_database_errors:
  File "C:\Users\StefanoIG\Desktop\Tesis\venv\Lib\site-packages\django\db\utils.py", line 91, in __exit__
    raise dj_exc_value.with_traceback(traceback) from exc_value
  File "C:\Users\StefanoIG\Desktop\Tesis\venv\Lib\site-packages\django\db\backends\utils.py", line 89, in _execute
    return self.cursor.execute(sql, params)
           ^^^^^^^^^^^^^^^^^^^^^^^^^^^^^^^^
  File "C:\Users\StefanoIG\Desktop\Tesis\venv\Lib\site-packages\django\db\backends\sqlite3\base.py", line 328, in execute
    return super().execute(query, params)
           ^^^^^^^^^^^^^^^^^^^^^^^^^^^^^^
django.db.utils.IntegrityError: NOT NULL constraint failed: notificaciones.usuario_destinatario_id
WARNING 2025-10-22 07:36:27,819 log 18616 72548 Bad Request: /api/v1/usuarios/empresas/1aeff6b7-2589-4862-b084-f3a1920ca8ba/
WARNING 2025-10-22 07:36:42,274 log 18616 30160 Bad Request: /api/v1/trazabilidad/lotes/
WARNING 2025-10-22 07:36:44,341 log 18616 27636 Not Found: /api/v1/trazabilidad/tipos-eventos-trazabilidad/
WARNING 2025-10-22 07:36:52,548 log 18616 2216 Bad Request: /api/v1/logistica/envios/
WARNING 2025-10-22 07:36:54,601 log 18616 22876 Not Found: /api/v1/procesamiento/procesos-procesamiento/
WARNING 2025-10-22 07:36:56,647 log 18616 10200 Not Found: /api/v1/procesamiento/inspecciones-calidad/
WARNING 2025-10-22 07:37:02,790 log 18616 48380 Not Found: /api/v1/documentos/fotos-productos/
WARNING 2025-10-22 07:37:04,827 log 18616 33516 Not Found: /api/v1/sincronizacion/estados-sincronizacion/
WARNING 2025-10-22 07:37:06,873 log 18616 55932 Not Found: /api/v1/sincronizacion/conflictos-sincronizacion/
WARNING 2025-10-22 07:37:08,958 log 18616 15768 Not Found: /api/v1/sincronizacion/registros-sincronizacion/
WARNING 2025-10-22 07:37:11,039 log 18616 66908 Not Found: /api/v1/administracion/auditorias/
WARNING 2025-10-22 07:37:17,183 log 18616 48056 Not Found: /api/v1/administracion/configuracion-sistema/
WARNING 2025-10-22 07:37:21,316 log 18616 54460 Not Found: /api/v1/alertas/alertas-logistica/
WARNING 2025-10-22 07:37:23,380 log 18616 58636 Not Found: /api/v1/alertas/reglas-alertas/
ERROR 2025-10-22 07:37:27,792 log 18616 27588 Internal Server Error: /api/v1/notificaciones/notificaciones/
Traceback (most recent call last):
  File "C:\Users\StefanoIG\Desktop\Tesis\venv\Lib\site-packages\django\db\backends\utils.py", line 89, in _execute
    return self.cursor.execute(sql, params)
           ^^^^^^^^^^^^^^^^^^^^^^^^^^^^^^^^
  File "C:\Users\StefanoIG\Desktop\Tesis\venv\Lib\site-packages\django\db\backends\sqlite3\base.py", line 328, in execute
    return super().execute(query, params)
           ^^^^^^^^^^^^^^^^^^^^^^^^^^^^^^
sqlite3.IntegrityError: NOT NULL constraint failed: notificaciones.usuario_destinatario_id

The above exception was the direct cause of the following exception:

Traceback (most recent call last):
  File "C:\Users\StefanoIG\Desktop\Tesis\venv\Lib\site-packages\django\core\handlers\exception.py", line 55, in inner
    response = get_response(request)
               ^^^^^^^^^^^^^^^^^^^^^
  File "C:\Users\StefanoIG\Desktop\Tesis\venv\Lib\site-packages\django\core\handlers\base.py", line 197, in _get_response
    response = wrapped_callback(request, *callback_args, **callback_kwargs)
               ^^^^^^^^^^^^^^^^^^^^^^^^^^^^^^^^^^^^^^^^^^^^^^^^^^^^^^^^^^^^
  File "C:\Users\StefanoIG\Desktop\Tesis\venv\Lib\site-packages\django\views\decorators\csrf.py", line 56, in wrapper_view
    return view_func(*args, **kwargs)
           ^^^^^^^^^^^^^^^^^^^^^^^^^^
  File "C:\Users\StefanoIG\Desktop\Tesis\venv\Lib\site-packages\django\views\generic\base.py", line 104, in view
    return self.dispatch(request, *args, **kwargs)
           ^^^^^^^^^^^^^^^^^^^^^^^^^^^^^^^^^^^^^^^
  File "C:\Users\StefanoIG\Desktop\Tesis\venv\Lib\site-packages\rest_framework\views.py", line 509, in dispatch
    response = self.handle_exception(exc)
               ^^^^^^^^^^^^^^^^^^^^^^^^^^
  File "C:\Users\StefanoIG\Desktop\Tesis\venv\Lib\site-packages\rest_framework\views.py", line 469, in handle_exception
    self.raise_uncaught_exception(exc)
  File "C:\Users\StefanoIG\Desktop\Tesis\venv\Lib\site-packages\rest_framework\views.py", line 480, in raise_uncaught_exception
    raise exc
  File "C:\Users\StefanoIG\Desktop\Tesis\venv\Lib\site-packages\rest_framework\views.py", line 506, in dispatch
    response = handler(request, *args, **kwargs)
               ^^^^^^^^^^^^^^^^^^^^^^^^^^^^^^^^^
  File "C:\Users\StefanoIG\Desktop\Tesis\venv\Lib\site-packages\rest_framework\generics.py", line 242, in post
    return self.create(request, *args, **kwargs)
           ^^^^^^^^^^^^^^^^^^^^^^^^^^^^^^^^^^^^^
  File "C:\Users\StefanoIG\Desktop\Tesis\venv\Lib\site-packages\rest_framework\mixins.py", line 19, in create
    self.perform_create(serializer)
  File "C:\Users\StefanoIG\Desktop\Tesis\venv\Lib\site-packages\rest_framework\mixins.py", line 24, in perform_create
    serializer.save()
  File "C:\Users\StefanoIG\Desktop\Tesis\venv\Lib\site-packages\rest_framework\serializers.py", line 212, in save
    self.instance = self.create(validated_data)
                    ^^^^^^^^^^^^^^^^^^^^^^^^^^^
  File "C:\Users\StefanoIG\Desktop\Tesis\venv\Lib\site-packages\rest_framework\serializers.py", line 962, in create
    instance = ModelClass._default_manager.create(**validated_data)
               ^^^^^^^^^^^^^^^^^^^^^^^^^^^^^^^^^^^^^^^^^^^^^^^^^^^^
  File "C:\Users\StefanoIG\Desktop\Tesis\venv\Lib\site-packages\django\db\models\manager.py", line 87, in manager_method
    return getattr(self.get_queryset(), name)(*args, **kwargs)
           ^^^^^^^^^^^^^^^^^^^^^^^^^^^^^^^^^^^^^^^^^^^^^^^^^^^
  File "C:\Users\StefanoIG\Desktop\Tesis\venv\Lib\site-packages\django\db\models\query.py", line 658, in create
    obj.save(force_insert=True, using=self.db)
  File "C:\Users\StefanoIG\Desktop\Tesis\venv\Lib\site-packages\django\db\models\base.py", line 814, in save
    self.save_base(
  File "C:\Users\StefanoIG\Desktop\Tesis\venv\Lib\site-packages\django\db\models\base.py", line 877, in save_base
    updated = self._save_table(
              ^^^^^^^^^^^^^^^^^
  File "C:\Users\StefanoIG\Desktop\Tesis\venv\Lib\site-packages\django\db\models\base.py", line 1020, in _save_table
    results = self._do_insert(
              ^^^^^^^^^^^^^^^^
  File "C:\Users\StefanoIG\Desktop\Tesis\venv\Lib\site-packages\django\db\models\base.py", line 1061, in _do_insert
    return manager._insert(
           ^^^^^^^^^^^^^^^^
  File "C:\Users\StefanoIG\Desktop\Tesis\venv\Lib\site-packages\django\db\models\manager.py", line 87, in manager_method
    return getattr(self.get_queryset(), name)(*args, **kwargs)
           ^^^^^^^^^^^^^^^^^^^^^^^^^^^^^^^^^^^^^^^^^^^^^^^^^^^
  File "C:\Users\StefanoIG\Desktop\Tesis\venv\Lib\site-packages\django\db\models\query.py", line 1805, in _insert
    return query.get_compiler(using=using).execute_sql(returning_fields)
           ^^^^^^^^^^^^^^^^^^^^^^^^^^^^^^^^^^^^^^^^^^^^^^^^^^^^^^^^^^^^^
  File "C:\Users\StefanoIG\Desktop\Tesis\venv\Lib\site-packages\django\db\models\sql\compiler.py", line 1822, in execute_sql
    cursor.execute(sql, params)
  File "C:\Users\StefanoIG\Desktop\Tesis\venv\Lib\site-packages\django\db\backends\utils.py", line 102, in execute
    return super().execute(sql, params)
           ^^^^^^^^^^^^^^^^^^^^^^^^^^^^
  File "C:\Users\StefanoIG\Desktop\Tesis\venv\Lib\site-packages\django\db\backends\utils.py", line 67, in execute
    return self._execute_with_wrappers(
           ^^^^^^^^^^^^^^^^^^^^^^^^^^^^
  File "C:\Users\StefanoIG\Desktop\Tesis\venv\Lib\site-packages\django\db\backends\utils.py", line 80, in _execute_with_wrappers
    return executor(sql, params, many, context)
           ^^^^^^^^^^^^^^^^^^^^^^^^^^^^^^^^^^^^
  File "C:\Users\StefanoIG\Desktop\Tesis\venv\Lib\site-packages\django\db\backends\utils.py", line 84, in _execute
    with self.db.wrap_database_errors:
  File "C:\Users\StefanoIG\Desktop\Tesis\venv\Lib\site-packages\django\db\utils.py", line 91, in __exit__
    raise dj_exc_value.with_traceback(traceback) from exc_value
  File "C:\Users\StefanoIG\Desktop\Tesis\venv\Lib\site-packages\django\db\backends\utils.py", line 89, in _execute
    return self.cursor.execute(sql, params)
           ^^^^^^^^^^^^^^^^^^^^^^^^^^^^^^^^
  File "C:\Users\StefanoIG\Desktop\Tesis\venv\Lib\site-packages\django\db\backends\sqlite3\base.py", line 328, in execute
    return super().execute(query, params)
           ^^^^^^^^^^^^^^^^^^^^^^^^^^^^^^
django.db.utils.IntegrityError: NOT NULL constraint failed: notificaciones.usuario_destinatario_id
WARNING 2025-10-22 07:37:29,858 log 18616 33492 Not Found: /api/v1/notificaciones/preferencias-notificaciones/
WARNING 2025-10-22 07:37:31,926 log 18616 62276 Unauthorized: /api/v1/usuarios/empresas/
WARNING 2025-10-22 07:37:33,969 log 18616 30300 Unauthorized: /api/v1/usuarios/empresas/
WARNING 2025-10-22 08:09:27,943 log 18616 72112 Bad Request: /api/v1/usuarios/empresas/a25dbca3-4231-496c-989b-64b4367e0c91/
WARNING 2025-10-22 08:09:42,299 log 18616 59968 Bad Request: /api/v1/trazabilidad/lotes/
WARNING 2025-10-22 08:09:52,498 log 18616 28240 Bad Request: /api/v1/logistica/envios/
ERROR 2025-10-22 08:10:31,566 log 18616 54656 Internal Server Error: /api/v1/notificaciones/notificaciones/no-leidas/
Traceback (most recent call last):
  File "C:\Users\StefanoIG\Desktop\Tesis\venv\Lib\site-packages\django\core\handlers\exception.py", line 55, in inner
    response = get_response(request)
               ^^^^^^^^^^^^^^^^^^^^^
  File "C:\Users\StefanoIG\Desktop\Tesis\venv\Lib\site-packages\django\core\handlers\base.py", line 197, in _get_response
    response = wrapped_callback(request, *callback_args, **callback_kwargs)
               ^^^^^^^^^^^^^^^^^^^^^^^^^^^^^^^^^^^^^^^^^^^^^^^^^^^^^^^^^^^^
  File "C:\Users\StefanoIG\Desktop\Tesis\venv\Lib\site-packages\django\views\decorators\csrf.py", line 56, in wrapper_view
    return view_func(*args, **kwargs)
           ^^^^^^^^^^^^^^^^^^^^^^^^^^
  File "C:\Users\StefanoIG\Desktop\Tesis\venv\Lib\site-packages\django\views\generic\base.py", line 104, in view
    return self.dispatch(request, *args, **kwargs)
           ^^^^^^^^^^^^^^^^^^^^^^^^^^^^^^^^^^^^^^^
  File "C:\Users\StefanoIG\Desktop\Tesis\venv\Lib\site-packages\rest_framework\views.py", line 509, in dispatch
    response = self.handle_exception(exc)
               ^^^^^^^^^^^^^^^^^^^^^^^^^^
  File "C:\Users\StefanoIG\Desktop\Tesis\venv\Lib\site-packages\rest_framework\views.py", line 469, in handle_exception
    self.raise_uncaught_exception(exc)
  File "C:\Users\StefanoIG\Desktop\Tesis\venv\Lib\site-packages\rest_framework\views.py", line 480, in raise_uncaught_exception
    raise exc
  File "C:\Users\StefanoIG\Desktop\Tesis\venv\Lib\site-packages\rest_framework\views.py", line 506, in dispatch
    response = handler(request, *args, **kwargs)
               ^^^^^^^^^^^^^^^^^^^^^^^^^^^^^^^^^
  File "C:\Users\StefanoIG\Desktop\Tesis\venv\Lib\site-packages\rest_framework\generics.py", line 199, in get
    return self.list(request, *args, **kwargs)
           ^^^^^^^^^^^^^^^^^^^^^^^^^^^^^^^^^^^
  File "C:\Users\StefanoIG\Desktop\Tesis\venv\Lib\site-packages\rest_framework\mixins.py", line 38, in list
    queryset = self.filter_queryset(self.get_queryset())
                                    ^^^^^^^^^^^^^^^^^^^
  File "C:\Users\StefanoIG\Desktop\Tesis\backend\apps\notificaciones\views.py", line 18, in get_queryset
    return Notificaciones.objects.filter(
           ^^^^^^^^^^^^^^^^^^^^^^^^^^^^^^
  File "C:\Users\StefanoIG\Desktop\Tesis\venv\Lib\site-packages\django\db\models\manager.py", line 87, in manager_method
    return getattr(self.get_queryset(), name)(*args, **kwargs)
           ^^^^^^^^^^^^^^^^^^^^^^^^^^^^^^^^^^^^^^^^^^^^^^^^^^^
  File "C:\Users\StefanoIG\Desktop\Tesis\venv\Lib\site-packages\django\db\models\query.py", line 1436, in filter
    return self._filter_or_exclude(False, args, kwargs)
           ^^^^^^^^^^^^^^^^^^^^^^^^^^^^^^^^^^^^^^^^^^^^
  File "C:\Users\StefanoIG\Desktop\Tesis\venv\Lib\site-packages\django\db\models\query.py", line 1454, in _filter_or_exclude
    clone._filter_or_exclude_inplace(negate, args, kwargs)
  File "C:\Users\StefanoIG\Desktop\Tesis\venv\Lib\site-packages\django\db\models\query.py", line 1461, in _filter_or_exclude_inplace
    self._query.add_q(Q(*args, **kwargs))
  File "C:\Users\StefanoIG\Desktop\Tesis\venv\Lib\site-packages\django\db\models\sql\query.py", line 1546, in add_q
    clause, _ = self._add_q(q_object, self.used_aliases)
                ^^^^^^^^^^^^^^^^^^^^^^^^^^^^^^^^^^^^^^^^
  File "C:\Users\StefanoIG\Desktop\Tesis\venv\Lib\site-packages\django\db\models\sql\query.py", line 1577, in _add_q
    child_clause, needed_inner = self.build_filter(
                                 ^^^^^^^^^^^^^^^^^^
  File "C:\Users\StefanoIG\Desktop\Tesis\venv\Lib\site-packages\django\db\models\sql\query.py", line 1465, in build_filter
    self.check_related_objects(join_info.final_field, value, join_info.opts)
  File "C:\Users\StefanoIG\Desktop\Tesis\venv\Lib\site-packages\django\db\models\sql\query.py", line 1276, in check_related_objects
    self.check_query_object_type(value, opts, field)
  File "C:\Users\StefanoIG\Desktop\Tesis\venv\Lib\site-packages\django\db\models\sql\query.py", line 1253, in check_query_object_type
    raise ValueError(
ValueError: Cannot query "Stefano": Must be "Usuarios" instance.
ERROR 2025-10-22 08:10:33,679 log 18616 14476 Internal Server Error: /api/v1/notificaciones/notificaciones/
Traceback (most recent call last):
  File "C:\Users\StefanoIG\Desktop\Tesis\venv\Lib\site-packages\django\db\backends\utils.py", line 89, in _execute
    return self.cursor.execute(sql, params)
           ^^^^^^^^^^^^^^^^^^^^^^^^^^^^^^^^
  File "C:\Users\StefanoIG\Desktop\Tesis\venv\Lib\site-packages\django\db\backends\sqlite3\base.py", line 328, in execute
    return super().execute(query, params)
           ^^^^^^^^^^^^^^^^^^^^^^^^^^^^^^
sqlite3.IntegrityError: NOT NULL constraint failed: notificaciones.usuario_destinatario_id

The above exception was the direct cause of the following exception:

Traceback (most recent call last):
  File "C:\Users\StefanoIG\Desktop\Tesis\venv\Lib\site-packages\django\core\handlers\exception.py", line 55, in inner
    response = get_response(request)
               ^^^^^^^^^^^^^^^^^^^^^
  File "C:\Users\StefanoIG\Desktop\Tesis\venv\Lib\site-packages\django\core\handlers\base.py", line 197, in _get_response
    response = wrapped_callback(request, *callback_args, **callback_kwargs)
               ^^^^^^^^^^^^^^^^^^^^^^^^^^^^^^^^^^^^^^^^^^^^^^^^^^^^^^^^^^^^
  File "C:\Users\StefanoIG\Desktop\Tesis\venv\Lib\site-packages\django\views\decorators\csrf.py", line 56, in wrapper_view
    return view_func(*args, **kwargs)
           ^^^^^^^^^^^^^^^^^^^^^^^^^^
  File "C:\Users\StefanoIG\Desktop\Tesis\venv\Lib\site-packages\django\views\generic\base.py", line 104, in view
    return self.dispatch(request, *args, **kwargs)
           ^^^^^^^^^^^^^^^^^^^^^^^^^^^^^^^^^^^^^^^
  File "C:\Users\StefanoIG\Desktop\Tesis\venv\Lib\site-packages\rest_framework\views.py", line 509, in dispatch
    response = self.handle_exception(exc)
               ^^^^^^^^^^^^^^^^^^^^^^^^^^
  File "C:\Users\StefanoIG\Desktop\Tesis\venv\Lib\site-packages\rest_framework\views.py", line 469, in handle_exception
    self.raise_uncaught_exception(exc)
  File "C:\Users\StefanoIG\Desktop\Tesis\venv\Lib\site-packages\rest_framework\views.py", line 480, in raise_uncaught_exception
    raise exc
  File "C:\Users\StefanoIG\Desktop\Tesis\venv\Lib\site-packages\rest_framework\views.py", line 506, in dispatch
    response = handler(request, *args, **kwargs)
               ^^^^^^^^^^^^^^^^^^^^^^^^^^^^^^^^^
  File "C:\Users\StefanoIG\Desktop\Tesis\venv\Lib\site-packages\rest_framework\generics.py", line 242, in post
    return self.create(request, *args, **kwargs)
           ^^^^^^^^^^^^^^^^^^^^^^^^^^^^^^^^^^^^^
  File "C:\Users\StefanoIG\Desktop\Tesis\venv\Lib\site-packages\rest_framework\mixins.py", line 19, in create
    self.perform_create(serializer)
  File "C:\Users\StefanoIG\Desktop\Tesis\venv\Lib\site-packages\rest_framework\mixins.py", line 24, in perform_create
    serializer.save()
  File "C:\Users\StefanoIG\Desktop\Tesis\venv\Lib\site-packages\rest_framework\serializers.py", line 212, in save
    self.instance = self.create(validated_data)
                    ^^^^^^^^^^^^^^^^^^^^^^^^^^^
  File "C:\Users\StefanoIG\Desktop\Tesis\venv\Lib\site-packages\rest_framework\serializers.py", line 962, in create
    instance = ModelClass._default_manager.create(**validated_data)
               ^^^^^^^^^^^^^^^^^^^^^^^^^^^^^^^^^^^^^^^^^^^^^^^^^^^^
  File "C:\Users\StefanoIG\Desktop\Tesis\venv\Lib\site-packages\django\db\models\manager.py", line 87, in manager_method
    return getattr(self.get_queryset(), name)(*args, **kwargs)
           ^^^^^^^^^^^^^^^^^^^^^^^^^^^^^^^^^^^^^^^^^^^^^^^^^^^
  File "C:\Users\StefanoIG\Desktop\Tesis\venv\Lib\site-packages\django\db\models\query.py", line 658, in create
    obj.save(force_insert=True, using=self.db)
  File "C:\Users\StefanoIG\Desktop\Tesis\venv\Lib\site-packages\django\db\models\base.py", line 814, in save
    self.save_base(
  File "C:\Users\StefanoIG\Desktop\Tesis\venv\Lib\site-packages\django\db\models\base.py", line 877, in save_base
    updated = self._save_table(
              ^^^^^^^^^^^^^^^^^
  File "C:\Users\StefanoIG\Desktop\Tesis\venv\Lib\site-packages\django\db\models\base.py", line 1020, in _save_table
    results = self._do_insert(
              ^^^^^^^^^^^^^^^^
  File "C:\Users\StefanoIG\Desktop\Tesis\venv\Lib\site-packages\django\db\models\base.py", line 1061, in _do_insert
    return manager._insert(
           ^^^^^^^^^^^^^^^^
  File "C:\Users\StefanoIG\Desktop\Tesis\venv\Lib\site-packages\django\db\models\manager.py", line 87, in manager_method
    return getattr(self.get_queryset(), name)(*args, **kwargs)
           ^^^^^^^^^^^^^^^^^^^^^^^^^^^^^^^^^^^^^^^^^^^^^^^^^^^
  File "C:\Users\StefanoIG\Desktop\Tesis\venv\Lib\site-packages\django\db\models\query.py", line 1805, in _insert
    return query.get_compiler(using=using).execute_sql(returning_fields)
           ^^^^^^^^^^^^^^^^^^^^^^^^^^^^^^^^^^^^^^^^^^^^^^^^^^^^^^^^^^^^^
  File "C:\Users\StefanoIG\Desktop\Tesis\venv\Lib\site-packages\django\db\models\sql\compiler.py", line 1822, in execute_sql
    cursor.execute(sql, params)
  File "C:\Users\StefanoIG\Desktop\Tesis\venv\Lib\site-packages\django\db\backends\utils.py", line 102, in execute
    return super().execute(sql, params)
           ^^^^^^^^^^^^^^^^^^^^^^^^^^^^
  File "C:\Users\StefanoIG\Desktop\Tesis\venv\Lib\site-packages\django\db\backends\utils.py", line 67, in execute
    return self._execute_with_wrappers(
           ^^^^^^^^^^^^^^^^^^^^^^^^^^^^
  File "C:\Users\StefanoIG\Desktop\Tesis\venv\Lib\site-packages\django\db\backends\utils.py", line 80, in _execute_with_wrappers
    return executor(sql, params, many, context)
           ^^^^^^^^^^^^^^^^^^^^^^^^^^^^^^^^^^^^
  File "C:\Users\StefanoIG\Desktop\Tesis\venv\Lib\site-packages\django\db\backends\utils.py", line 84, in _execute
    with self.db.wrap_database_errors:
  File "C:\Users\StefanoIG\Desktop\Tesis\venv\Lib\site-packages\django\db\utils.py", line 91, in __exit__
    raise dj_exc_value.with_traceback(traceback) from exc_value
  File "C:\Users\StefanoIG\Desktop\Tesis\venv\Lib\site-packages\django\db\backends\utils.py", line 89, in _execute
    return self.cursor.execute(sql, params)
           ^^^^^^^^^^^^^^^^^^^^^^^^^^^^^^^^
  File "C:\Users\StefanoIG\Desktop\Tesis\venv\Lib\site-packages\django\db\backends\sqlite3\base.py", line 328, in execute
    return super().execute(query, params)
           ^^^^^^^^^^^^^^^^^^^^^^^^^^^^^^
django.db.utils.IntegrityError: NOT NULL constraint failed: notificaciones.usuario_destinatario_id
ERROR 2025-10-22 08:10:35,770 log 18616 56592 Internal Server Error: /api/v1/notificaciones/preferencias/
Traceback (most recent call last):
  File "C:\Users\StefanoIG\Desktop\Tesis\venv\Lib\site-packages\django\core\handlers\exception.py", line 55, in inner
    response = get_response(request)
               ^^^^^^^^^^^^^^^^^^^^^
  File "C:\Users\StefanoIG\Desktop\Tesis\venv\Lib\site-packages\django\core\handlers\base.py", line 197, in _get_response
    response = wrapped_callback(request, *callback_args, **callback_kwargs)
               ^^^^^^^^^^^^^^^^^^^^^^^^^^^^^^^^^^^^^^^^^^^^^^^^^^^^^^^^^^^^
  File "C:\Users\StefanoIG\Desktop\Tesis\venv\Lib\site-packages\django\views\decorators\csrf.py", line 56, in wrapper_view
    return view_func(*args, **kwargs)
           ^^^^^^^^^^^^^^^^^^^^^^^^^^
  File "C:\Users\StefanoIG\Desktop\Tesis\venv\Lib\site-packages\django\views\generic\base.py", line 104, in view
    return self.dispatch(request, *args, **kwargs)
           ^^^^^^^^^^^^^^^^^^^^^^^^^^^^^^^^^^^^^^^
  File "C:\Users\StefanoIG\Desktop\Tesis\venv\Lib\site-packages\rest_framework\views.py", line 509, in dispatch
    response = self.handle_exception(exc)
               ^^^^^^^^^^^^^^^^^^^^^^^^^^
  File "C:\Users\StefanoIG\Desktop\Tesis\venv\Lib\site-packages\rest_framework\views.py", line 469, in handle_exception
    self.raise_uncaught_exception(exc)
  File "C:\Users\StefanoIG\Desktop\Tesis\venv\Lib\site-packages\rest_framework\views.py", line 480, in raise_uncaught_exception
    raise exc
  File "C:\Users\StefanoIG\Desktop\Tesis\venv\Lib\site-packages\rest_framework\views.py", line 506, in dispatch
    response = handler(request, *args, **kwargs)
               ^^^^^^^^^^^^^^^^^^^^^^^^^^^^^^^^^
  File "C:\Users\StefanoIG\Desktop\Tesis\venv\Lib\site-packages\rest_framework\generics.py", line 252, in get
    return self.retrieve(request, *args, **kwargs)
           ^^^^^^^^^^^^^^^^^^^^^^^^^^^^^^^^^^^^^^^
  File "C:\Users\StefanoIG\Desktop\Tesis\venv\Lib\site-packages\rest_framework\mixins.py", line 54, in retrieve
    instance = self.get_object()
               ^^^^^^^^^^^^^^^^^
  File "C:\Users\StefanoIG\Desktop\Tesis\backend\apps\notificaciones\views.py", line 65, in get_object
    obj, _ = PreferenciasNotificaciones.objects.get_or_create(usuario=self.request.user)
             ^^^^^^^^^^^^^^^^^^^^^^^^^^^^^^^^^^^^^^^^^^^^^^^^^^^^^^^^^^^^^^^^^^^^^^^^^^^
  File "C:\Users\StefanoIG\Desktop\Tesis\venv\Lib\site-packages\django\db\models\manager.py", line 87, in manager_method
    return getattr(self.get_queryset(), name)(*args, **kwargs)
           ^^^^^^^^^^^^^^^^^^^^^^^^^^^^^^^^^^^^^^^^^^^^^^^^^^^
  File "C:\Users\StefanoIG\Desktop\Tesis\venv\Lib\site-packages\django\db\models\query.py", line 916, in get_or_create
    return self.get(**kwargs), False
           ^^^^^^^^^^^^^^^^^^
  File "C:\Users\StefanoIG\Desktop\Tesis\venv\Lib\site-packages\django\db\models\query.py", line 623, in get
    clone = self._chain() if self.query.combinator else self.filter(*args, **kwargs)
                                                        ^^^^^^^^^^^^^^^^^^^^^^^^^^^^
  File "C:\Users\StefanoIG\Desktop\Tesis\venv\Lib\site-packages\django\db\models\query.py", line 1436, in filter
    return self._filter_or_exclude(False, args, kwargs)
           ^^^^^^^^^^^^^^^^^^^^^^^^^^^^^^^^^^^^^^^^^^^^
  File "C:\Users\StefanoIG\Desktop\Tesis\venv\Lib\site-packages\django\db\models\query.py", line 1454, in _filter_or_exclude
    clone._filter_or_exclude_inplace(negate, args, kwargs)
  File "C:\Users\StefanoIG\Desktop\Tesis\venv\Lib\site-packages\django\db\models\query.py", line 1461, in _filter_or_exclude_inplace
    self._query.add_q(Q(*args, **kwargs))
  File "C:\Users\StefanoIG\Desktop\Tesis\venv\Lib\site-packages\django\db\models\sql\query.py", line 1546, in add_q
    clause, _ = self._add_q(q_object, self.used_aliases)
                ^^^^^^^^^^^^^^^^^^^^^^^^^^^^^^^^^^^^^^^^
  File "C:\Users\StefanoIG\Desktop\Tesis\venv\Lib\site-packages\django\db\models\sql\query.py", line 1577, in _add_q
    child_clause, needed_inner = self.build_filter(
                                 ^^^^^^^^^^^^^^^^^^
  File "C:\Users\StefanoIG\Desktop\Tesis\venv\Lib\site-packages\django\db\models\sql\query.py", line 1465, in build_filter
    self.check_related_objects(join_info.final_field, value, join_info.opts)
  File "C:\Users\StefanoIG\Desktop\Tesis\venv\Lib\site-packages\django\db\models\sql\query.py", line 1276, in check_related_objects
    self.check_query_object_type(value, opts, field)
  File "C:\Users\StefanoIG\Desktop\Tesis\venv\Lib\site-packages\django\db\models\sql\query.py", line 1253, in check_query_object_type
    raise ValueError(
ValueError: Cannot query "Stefano": Must be "Usuarios" instance.
WARNING 2025-10-22 08:10:39,905 log 18616 18284 Unauthorized: /api/v1/usuarios/empresas/
WARNING 2025-10-22 08:10:41,949 log 18616 29496 Unauthorized: /api/v1/usuarios/empresas/
INFO 2025-10-22 08:18:33,859 autoreload 18616 12144 C:\Users\StefanoIG\Desktop\Tesis\backend\apps\notificaciones\serializers.py changed, reloading.
INFO 2025-10-22 08:18:34,788 autoreload 29764 65104 Watching for file changes with StatReloader
INFO 2025-10-22 08:18:40,558 autoreload 29764 65104 C:\Users\StefanoIG\Desktop\Tesis\backend\apps\notificaciones\views.py changed, reloading.
INFO 2025-10-22 08:18:41,296 autoreload 62728 64932 Watching for file changes with StatReloader
INFO 2025-10-22 08:18:53,069 autoreload 62728 64932 C:\Users\StefanoIG\Desktop\Tesis\backend\apps\notificaciones\views.py changed, reloading.
INFO 2025-10-22 08:18:53,915 autoreload 15252 40788 Watching for file changes with StatReloader
INFO 2025-10-22 08:18:59,297 autoreload 15252 40788 C:\Users\StefanoIG\Desktop\Tesis\backend\apps\notificaciones\views.py changed, reloading.
INFO 2025-10-22 08:19:00,028 autoreload 59784 56064 Watching for file changes with StatReloader
INFO 2025-10-22 08:19:06,409 autoreload 59784 56064 C:\Users\StefanoIG\Desktop\Tesis\backend\apps\usuarios\serializers.py changed, reloading.
INFO 2025-10-22 08:19:07,174 autoreload 59612 22876 Watching for file changes with StatReloader
INFO 2025-10-22 08:19:52,859 autoreload 59612 22876 C:\Users\StefanoIG\Desktop\Tesis\backend\apps\logistica\models.py changed, reloading.
INFO 2025-10-22 08:19:53,650 autoreload 63380 47824 Watching for file changes with StatReloader
INFO 2025-10-22 08:30:51,775 autoreload 63380 47824 C:\Users\StefanoIG\Desktop\Tesis\backend\apps\logistica\serializers.py changed, reloading.
INFO 2025-10-22 08:30:52,592 autoreload 34668 31140 Watching for file changes with StatReloader
WARNING 2025-10-22 08:35:39,169 log 34668 16212 Bad Request: /api/v1/usuarios/empresas/96cf76da-8dbe-4a3f-8c32-cb3830838c68/
WARNING 2025-10-22 08:36:01,780 log 34668 5636 Method Not Allowed: /api/v1/trazabilidad/lotes/1e584233-e610-414b-8f23-68ac49fdebeb/eventos/
ERROR 2025-10-22 08:36:10,114 log 34668 43824 Internal Server Error: /api/v1/logistica/envios/
Traceback (most recent call last):
  File "C:\Users\StefanoIG\Desktop\Tesis\venv\Lib\site-packages\django\db\backends\utils.py", line 89, in _execute
    return self.cursor.execute(sql, params)
           ^^^^^^^^^^^^^^^^^^^^^^^^^^^^^^^^
  File "C:\Users\StefanoIG\Desktop\Tesis\venv\Lib\site-packages\django\db\backends\sqlite3\base.py", line 328, in execute
    return super().execute(query, params)
           ^^^^^^^^^^^^^^^^^^^^^^^^^^^^^^
sqlite3.IntegrityError: NOT NULL constraint failed: envios.vehiculo_id

The above exception was the direct cause of the following exception:

Traceback (most recent call last):
  File "C:\Users\StefanoIG\Desktop\Tesis\venv\Lib\site-packages\django\core\handlers\exception.py", line 55, in inner
    response = get_response(request)
               ^^^^^^^^^^^^^^^^^^^^^
  File "C:\Users\StefanoIG\Desktop\Tesis\venv\Lib\site-packages\django\core\handlers\base.py", line 197, in _get_response
    response = wrapped_callback(request, *callback_args, **callback_kwargs)
               ^^^^^^^^^^^^^^^^^^^^^^^^^^^^^^^^^^^^^^^^^^^^^^^^^^^^^^^^^^^^
  File "C:\Users\StefanoIG\Desktop\Tesis\venv\Lib\site-packages\django\views\decorators\csrf.py", line 56, in wrapper_view
    return view_func(*args, **kwargs)
           ^^^^^^^^^^^^^^^^^^^^^^^^^^
  File "C:\Users\StefanoIG\Desktop\Tesis\venv\Lib\site-packages\django\views\generic\base.py", line 104, in view
    return self.dispatch(request, *args, **kwargs)
           ^^^^^^^^^^^^^^^^^^^^^^^^^^^^^^^^^^^^^^^
  File "C:\Users\StefanoIG\Desktop\Tesis\venv\Lib\site-packages\rest_framework\views.py", line 509, in dispatch
    response = self.handle_exception(exc)
               ^^^^^^^^^^^^^^^^^^^^^^^^^^
  File "C:\Users\StefanoIG\Desktop\Tesis\venv\Lib\site-packages\rest_framework\views.py", line 469, in handle_exception
    self.raise_uncaught_exception(exc)
  File "C:\Users\StefanoIG\Desktop\Tesis\venv\Lib\site-packages\rest_framework\views.py", line 480, in raise_uncaught_exception
    raise exc
  File "C:\Users\StefanoIG\Desktop\Tesis\venv\Lib\site-packages\rest_framework\views.py", line 506, in dispatch
    response = handler(request, *args, **kwargs)
               ^^^^^^^^^^^^^^^^^^^^^^^^^^^^^^^^^
  File "C:\Users\StefanoIG\Desktop\Tesis\venv\Lib\site-packages\rest_framework\generics.py", line 242, in post
    return self.create(request, *args, **kwargs)
           ^^^^^^^^^^^^^^^^^^^^^^^^^^^^^^^^^^^^^
  File "C:\Users\StefanoIG\Desktop\Tesis\venv\Lib\site-packages\rest_framework\mixins.py", line 19, in create
    self.perform_create(serializer)
  File "C:\Users\StefanoIG\Desktop\Tesis\venv\Lib\site-packages\rest_framework\mixins.py", line 24, in perform_create
    serializer.save()
  File "C:\Users\StefanoIG\Desktop\Tesis\venv\Lib\site-packages\rest_framework\serializers.py", line 212, in save
    self.instance = self.create(validated_data)
                    ^^^^^^^^^^^^^^^^^^^^^^^^^^^
  File "C:\Users\StefanoIG\Desktop\Tesis\venv\Lib\site-packages\rest_framework\serializers.py", line 962, in create
    instance = ModelClass._default_manager.create(**validated_data)
               ^^^^^^^^^^^^^^^^^^^^^^^^^^^^^^^^^^^^^^^^^^^^^^^^^^^^
  File "C:\Users\StefanoIG\Desktop\Tesis\venv\Lib\site-packages\django\db\models\manager.py", line 87, in manager_method
    return getattr(self.get_queryset(), name)(*args, **kwargs)
           ^^^^^^^^^^^^^^^^^^^^^^^^^^^^^^^^^^^^^^^^^^^^^^^^^^^
  File "C:\Users\StefanoIG\Desktop\Tesis\venv\Lib\site-packages\django\db\models\query.py", line 658, in create
    obj.save(force_insert=True, using=self.db)
  File "C:\Users\StefanoIG\Desktop\Tesis\venv\Lib\site-packages\django\db\models\base.py", line 814, in save
    self.save_base(
  File "C:\Users\StefanoIG\Desktop\Tesis\venv\Lib\site-packages\django\db\models\base.py", line 877, in save_base
    updated = self._save_table(
              ^^^^^^^^^^^^^^^^^
  File "C:\Users\StefanoIG\Desktop\Tesis\venv\Lib\site-packages\django\db\models\base.py", line 1020, in _save_table
    results = self._do_insert(
              ^^^^^^^^^^^^^^^^
  File "C:\Users\StefanoIG\Desktop\Tesis\venv\Lib\site-packages\django\db\models\base.py", line 1061, in _do_insert
    return manager._insert(
           ^^^^^^^^^^^^^^^^
  File "C:\Users\StefanoIG\Desktop\Tesis\venv\Lib\site-packages\django\db\models\manager.py", line 87, in manager_method
    return getattr(self.get_queryset(), name)(*args, **kwargs)
           ^^^^^^^^^^^^^^^^^^^^^^^^^^^^^^^^^^^^^^^^^^^^^^^^^^^
  File "C:\Users\StefanoIG\Desktop\Tesis\venv\Lib\site-packages\django\db\models\query.py", line 1805, in _insert
    return query.get_compiler(using=using).execute_sql(returning_fields)
           ^^^^^^^^^^^^^^^^^^^^^^^^^^^^^^^^^^^^^^^^^^^^^^^^^^^^^^^^^^^^^
  File "C:\Users\StefanoIG\Desktop\Tesis\venv\Lib\site-packages\django\db\models\sql\compiler.py", line 1822, in execute_sql
    cursor.execute(sql, params)
  File "C:\Users\StefanoIG\Desktop\Tesis\venv\Lib\site-packages\django\db\backends\utils.py", line 102, in execute
    return super().execute(sql, params)
           ^^^^^^^^^^^^^^^^^^^^^^^^^^^^
  File "C:\Users\StefanoIG\Desktop\Tesis\venv\Lib\site-packages\django\db\backends\utils.py", line 67, in execute
    return self._execute_with_wrappers(
           ^^^^^^^^^^^^^^^^^^^^^^^^^^^^
  File "C:\Users\StefanoIG\Desktop\Tesis\venv\Lib\site-packages\django\db\backends\utils.py", line 80, in _execute_with_wrappers
    return executor(sql, params, many, context)
           ^^^^^^^^^^^^^^^^^^^^^^^^^^^^^^^^^^^^
  File "C:\Users\StefanoIG\Desktop\Tesis\venv\Lib\site-packages\django\db\backends\utils.py", line 84, in _execute
    with self.db.wrap_database_errors:
  File "C:\Users\StefanoIG\Desktop\Tesis\venv\Lib\site-packages\django\db\utils.py", line 91, in __exit__
    raise dj_exc_value.with_traceback(traceback) from exc_value
  File "C:\Users\StefanoIG\Desktop\Tesis\venv\Lib\site-packages\django\db\backends\utils.py", line 89, in _execute
    return self.cursor.execute(sql, params)
           ^^^^^^^^^^^^^^^^^^^^^^^^^^^^^^^^
  File "C:\Users\StefanoIG\Desktop\Tesis\venv\Lib\site-packages\django\db\backends\sqlite3\base.py", line 328, in execute
    return super().execute(query, params)
           ^^^^^^^^^^^^^^^^^^^^^^^^^^^^^^
django.db.utils.IntegrityError: NOT NULL constraint failed: envios.vehiculo_id
WARNING 2025-10-22 08:36:51,181 log 34668 69788 Bad Request: /api/v1/notificaciones/notificaciones/
ERROR 2025-10-22 08:36:53,250 log 34668 44196 Internal Server Error: /api/v1/notificaciones/preferencias/
Traceback (most recent call last):
  File "C:\Users\StefanoIG\Desktop\Tesis\backend\apps\notificaciones\views.py", line 84, in get_object
    usuario = Usuarios.objects.get(id=self.request.user.id)
              ^^^^^^^^^^^^^^^^^^^^^^^^^^^^^^^^^^^^^^^^^^^^^
  File "C:\Users\StefanoIG\Desktop\Tesis\venv\Lib\site-packages\django\db\models\manager.py", line 87, in manager_method
    return getattr(self.get_queryset(), name)(*args, **kwargs)
           ^^^^^^^^^^^^^^^^^^^^^^^^^^^^^^^^^^^^^^^^^^^^^^^^^^^
  File "C:\Users\StefanoIG\Desktop\Tesis\venv\Lib\site-packages\django\db\models\query.py", line 637, in get
    raise self.model.DoesNotExist(
apps.autenticacion.models.Usuarios.DoesNotExist: Usuarios matching query does not exist.

During handling of the above exception, another exception occurred:

Traceback (most recent call last):
  File "C:\Users\StefanoIG\Desktop\Tesis\venv\Lib\site-packages\django\core\handlers\exception.py", line 55, in inner
    response = get_response(request)
               ^^^^^^^^^^^^^^^^^^^^^
  File "C:\Users\StefanoIG\Desktop\Tesis\venv\Lib\site-packages\django\core\handlers\base.py", line 197, in _get_response
    response = wrapped_callback(request, *callback_args, **callback_kwargs)
               ^^^^^^^^^^^^^^^^^^^^^^^^^^^^^^^^^^^^^^^^^^^^^^^^^^^^^^^^^^^^
  File "C:\Users\StefanoIG\Desktop\Tesis\venv\Lib\site-packages\django\views\decorators\csrf.py", line 56, in wrapper_view
    return view_func(*args, **kwargs)
           ^^^^^^^^^^^^^^^^^^^^^^^^^^
  File "C:\Users\StefanoIG\Desktop\Tesis\venv\Lib\site-packages\django\views\generic\base.py", line 104, in view
    return self.dispatch(request, *args, **kwargs)
           ^^^^^^^^^^^^^^^^^^^^^^^^^^^^^^^^^^^^^^^
  File "C:\Users\StefanoIG\Desktop\Tesis\venv\Lib\site-packages\rest_framework\views.py", line 509, in dispatch
    response = self.handle_exception(exc)
               ^^^^^^^^^^^^^^^^^^^^^^^^^^
  File "C:\Users\StefanoIG\Desktop\Tesis\venv\Lib\site-packages\rest_framework\views.py", line 469, in handle_exception
    self.raise_uncaught_exception(exc)
  File "C:\Users\StefanoIG\Desktop\Tesis\venv\Lib\site-packages\rest_framework\views.py", line 480, in raise_uncaught_exception
    raise exc
  File "C:\Users\StefanoIG\Desktop\Tesis\venv\Lib\site-packages\rest_framework\views.py", line 506, in dispatch
    response = handler(request, *args, **kwargs)
               ^^^^^^^^^^^^^^^^^^^^^^^^^^^^^^^^^
  File "C:\Users\StefanoIG\Desktop\Tesis\venv\Lib\site-packages\rest_framework\generics.py", line 252, in get
    return self.retrieve(request, *args, **kwargs)
           ^^^^^^^^^^^^^^^^^^^^^^^^^^^^^^^^^^^^^^^
  File "C:\Users\StefanoIG\Desktop\Tesis\venv\Lib\site-packages\rest_framework\mixins.py", line 54, in retrieve
    instance = self.get_object()
               ^^^^^^^^^^^^^^^^^
  File "C:\Users\StefanoIG\Desktop\Tesis\backend\apps\notificaciones\views.py", line 88, in get_object
    raise status.HTTP_404_NOT_FOUND("Usuario no encontrado")
          ^^^^^^^^^^^^^^^^^^^^^^^^^^^^^^^^^^^^^^^^^^^^^^^^^^
TypeError: 'int' object is not callable
WARNING 2025-10-22 08:36:57,359 log 34668 59672 Unauthorized: /api/v1/usuarios/empresas/
WARNING 2025-10-22 08:36:59,390 log 34668 41644 Unauthorized: /api/v1/usuarios/empresas/
INFO 2025-10-22 08:38:43,546 autoreload 34668 31140 C:\Users\StefanoIG\Desktop\Tesis\backend\apps\trazabilidad\views.py changed, reloading.
INFO 2025-10-22 08:38:44,297 autoreload 30296 70592 Watching for file changes with StatReloader
ERROR 2025-10-22 08:39:19,326 log 30296 23116 Internal Server Error: /api/v1/usuarios/empresas/
Traceback (most recent call last):
  File "C:\Users\StefanoIG\Desktop\Tesis\venv\Lib\site-packages\django\db\backends\utils.py", line 89, in _execute
    return self.cursor.execute(sql, params)
           ^^^^^^^^^^^^^^^^^^^^^^^^^^^^^^^^
  File "C:\Users\StefanoIG\Desktop\Tesis\venv\Lib\site-packages\django\db\backends\sqlite3\base.py", line 328, in execute
    return super().execute(query, params)
           ^^^^^^^^^^^^^^^^^^^^^^^^^^^^^^
sqlite3.IntegrityError: UNIQUE constraint failed: empresas.nombre

The above exception was the direct cause of the following exception:

Traceback (most recent call last):
  File "C:\Users\StefanoIG\Desktop\Tesis\venv\Lib\site-packages\django\core\handlers\exception.py", line 55, in inner
    response = get_response(request)
               ^^^^^^^^^^^^^^^^^^^^^
  File "C:\Users\StefanoIG\Desktop\Tesis\venv\Lib\site-packages\django\core\handlers\base.py", line 197, in _get_response
    response = wrapped_callback(request, *callback_args, **callback_kwargs)
               ^^^^^^^^^^^^^^^^^^^^^^^^^^^^^^^^^^^^^^^^^^^^^^^^^^^^^^^^^^^^
  File "C:\Users\StefanoIG\Desktop\Tesis\venv\Lib\site-packages\django\views\decorators\csrf.py", line 56, in wrapper_view
    return view_func(*args, **kwargs)
           ^^^^^^^^^^^^^^^^^^^^^^^^^^
  File "C:\Users\StefanoIG\Desktop\Tesis\venv\Lib\site-packages\django\views\generic\base.py", line 104, in view
    return self.dispatch(request, *args, **kwargs)
           ^^^^^^^^^^^^^^^^^^^^^^^^^^^^^^^^^^^^^^^
  File "C:\Users\StefanoIG\Desktop\Tesis\venv\Lib\site-packages\rest_framework\views.py", line 509, in dispatch
    response = self.handle_exception(exc)
               ^^^^^^^^^^^^^^^^^^^^^^^^^^
  File "C:\Users\StefanoIG\Desktop\Tesis\venv\Lib\site-packages\rest_framework\views.py", line 469, in handle_exception
    self.raise_uncaught_exception(exc)
  File "C:\Users\StefanoIG\Desktop\Tesis\venv\Lib\site-packages\rest_framework\views.py", line 480, in raise_uncaught_exception
    raise exc
  File "C:\Users\StefanoIG\Desktop\Tesis\venv\Lib\site-packages\rest_framework\views.py", line 506, in dispatch
    response = handler(request, *args, **kwargs)
               ^^^^^^^^^^^^^^^^^^^^^^^^^^^^^^^^^
  File "C:\Users\StefanoIG\Desktop\Tesis\venv\Lib\site-packages\rest_framework\generics.py", line 242, in post
    return self.create(request, *args, **kwargs)
           ^^^^^^^^^^^^^^^^^^^^^^^^^^^^^^^^^^^^^
  File "C:\Users\StefanoIG\Desktop\Tesis\venv\Lib\site-packages\rest_framework\mixins.py", line 19, in create
    self.perform_create(serializer)
  File "C:\Users\StefanoIG\Desktop\Tesis\venv\Lib\site-packages\rest_framework\mixins.py", line 24, in perform_create
    serializer.save()
  File "C:\Users\StefanoIG\Desktop\Tesis\venv\Lib\site-packages\rest_framework\serializers.py", line 212, in save
    self.instance = self.create(validated_data)
                    ^^^^^^^^^^^^^^^^^^^^^^^^^^^
  File "C:\Users\StefanoIG\Desktop\Tesis\venv\Lib\site-packages\rest_framework\serializers.py", line 962, in create
    instance = ModelClass._default_manager.create(**validated_data)
               ^^^^^^^^^^^^^^^^^^^^^^^^^^^^^^^^^^^^^^^^^^^^^^^^^^^^
  File "C:\Users\StefanoIG\Desktop\Tesis\venv\Lib\site-packages\django\db\models\manager.py", line 87, in manager_method
    return getattr(self.get_queryset(), name)(*args, **kwargs)
           ^^^^^^^^^^^^^^^^^^^^^^^^^^^^^^^^^^^^^^^^^^^^^^^^^^^
  File "C:\Users\StefanoIG\Desktop\Tesis\venv\Lib\site-packages\django\db\models\query.py", line 658, in create
    obj.save(force_insert=True, using=self.db)
  File "C:\Users\StefanoIG\Desktop\Tesis\venv\Lib\site-packages\django\db\models\base.py", line 814, in save
    self.save_base(
  File "C:\Users\StefanoIG\Desktop\Tesis\venv\Lib\site-packages\django\db\models\base.py", line 877, in save_base
    updated = self._save_table(
              ^^^^^^^^^^^^^^^^^
  File "C:\Users\StefanoIG\Desktop\Tesis\venv\Lib\site-packages\django\db\models\base.py", line 1020, in _save_table
    results = self._do_insert(
              ^^^^^^^^^^^^^^^^
  File "C:\Users\StefanoIG\Desktop\Tesis\venv\Lib\site-packages\django\db\models\base.py", line 1061, in _do_insert
    return manager._insert(
           ^^^^^^^^^^^^^^^^
  File "C:\Users\StefanoIG\Desktop\Tesis\venv\Lib\site-packages\django\db\models\manager.py", line 87, in manager_method
    return getattr(self.get_queryset(), name)(*args, **kwargs)
           ^^^^^^^^^^^^^^^^^^^^^^^^^^^^^^^^^^^^^^^^^^^^^^^^^^^
  File "C:\Users\StefanoIG\Desktop\Tesis\venv\Lib\site-packages\django\db\models\query.py", line 1805, in _insert
    return query.get_compiler(using=using).execute_sql(returning_fields)
           ^^^^^^^^^^^^^^^^^^^^^^^^^^^^^^^^^^^^^^^^^^^^^^^^^^^^^^^^^^^^^
  File "C:\Users\StefanoIG\Desktop\Tesis\venv\Lib\site-packages\django\db\models\sql\compiler.py", line 1822, in execute_sql
    cursor.execute(sql, params)
  File "C:\Users\StefanoIG\Desktop\Tesis\venv\Lib\site-packages\django\db\backends\utils.py", line 102, in execute
    return super().execute(sql, params)
           ^^^^^^^^^^^^^^^^^^^^^^^^^^^^
  File "C:\Users\StefanoIG\Desktop\Tesis\venv\Lib\site-packages\django\db\backends\utils.py", line 67, in execute
    return self._execute_with_wrappers(
           ^^^^^^^^^^^^^^^^^^^^^^^^^^^^
  File "C:\Users\StefanoIG\Desktop\Tesis\venv\Lib\site-packages\django\db\backends\utils.py", line 80, in _execute_with_wrappers
    return executor(sql, params, many, context)
           ^^^^^^^^^^^^^^^^^^^^^^^^^^^^^^^^^^^^
  File "C:\Users\StefanoIG\Desktop\Tesis\venv\Lib\site-packages\django\db\backends\utils.py", line 84, in _execute
    with self.db.wrap_database_errors:
  File "C:\Users\StefanoIG\Desktop\Tesis\venv\Lib\site-packages\django\db\utils.py", line 91, in __exit__
    raise dj_exc_value.with_traceback(traceback) from exc_value
  File "C:\Users\StefanoIG\Desktop\Tesis\venv\Lib\site-packages\django\db\backends\utils.py", line 89, in _execute
    return self.cursor.execute(sql, params)
           ^^^^^^^^^^^^^^^^^^^^^^^^^^^^^^^^
  File "C:\Users\StefanoIG\Desktop\Tesis\venv\Lib\site-packages\django\db\backends\sqlite3\base.py", line 328, in execute
    return super().execute(query, params)
           ^^^^^^^^^^^^^^^^^^^^^^^^^^^^^^
django.db.utils.IntegrityError: UNIQUE constraint failed: empresas.nombre
WARNING 2025-10-22 08:39:41,848 log 30296 30116 Bad Request: /api/v1/trazabilidad/lotes/ecc6ea11-3263-4410-9c55-d6ccdd578cf0/eventos/
ERROR 2025-10-22 08:39:50,020 log 30296 46616 Internal Server Error: /api/v1/logistica/envios/
Traceback (most recent call last):
  File "C:\Users\StefanoIG\Desktop\Tesis\venv\Lib\site-packages\django\db\backends\utils.py", line 89, in _execute
    return self.cursor.execute(sql, params)
           ^^^^^^^^^^^^^^^^^^^^^^^^^^^^^^^^
  File "C:\Users\StefanoIG\Desktop\Tesis\venv\Lib\site-packages\django\db\backends\sqlite3\base.py", line 328, in execute
    return super().execute(query, params)
           ^^^^^^^^^^^^^^^^^^^^^^^^^^^^^^
sqlite3.IntegrityError: NOT NULL constraint failed: envios.vehiculo_id

The above exception was the direct cause of the following exception:

Traceback (most recent call last):
  File "C:\Users\StefanoIG\Desktop\Tesis\venv\Lib\site-packages\django\core\handlers\exception.py", line 55, in inner
    response = get_response(request)
               ^^^^^^^^^^^^^^^^^^^^^
  File "C:\Users\StefanoIG\Desktop\Tesis\venv\Lib\site-packages\django\core\handlers\base.py", line 197, in _get_response
    response = wrapped_callback(request, *callback_args, **callback_kwargs)
               ^^^^^^^^^^^^^^^^^^^^^^^^^^^^^^^^^^^^^^^^^^^^^^^^^^^^^^^^^^^^
  File "C:\Users\StefanoIG\Desktop\Tesis\venv\Lib\site-packages\django\views\decorators\csrf.py", line 56, in wrapper_view
    return view_func(*args, **kwargs)
           ^^^^^^^^^^^^^^^^^^^^^^^^^^
  File "C:\Users\StefanoIG\Desktop\Tesis\venv\Lib\site-packages\django\views\generic\base.py", line 104, in view
    return self.dispatch(request, *args, **kwargs)
           ^^^^^^^^^^^^^^^^^^^^^^^^^^^^^^^^^^^^^^^
  File "C:\Users\StefanoIG\Desktop\Tesis\venv\Lib\site-packages\rest_framework\views.py", line 509, in dispatch
    response = self.handle_exception(exc)
               ^^^^^^^^^^^^^^^^^^^^^^^^^^
  File "C:\Users\StefanoIG\Desktop\Tesis\venv\Lib\site-packages\rest_framework\views.py", line 469, in handle_exception
    self.raise_uncaught_exception(exc)
  File "C:\Users\StefanoIG\Desktop\Tesis\venv\Lib\site-packages\rest_framework\views.py", line 480, in raise_uncaught_exception
    raise exc
  File "C:\Users\StefanoIG\Desktop\Tesis\venv\Lib\site-packages\rest_framework\views.py", line 506, in dispatch
    response = handler(request, *args, **kwargs)
               ^^^^^^^^^^^^^^^^^^^^^^^^^^^^^^^^^
  File "C:\Users\StefanoIG\Desktop\Tesis\venv\Lib\site-packages\rest_framework\generics.py", line 242, in post
    return self.create(request, *args, **kwargs)
           ^^^^^^^^^^^^^^^^^^^^^^^^^^^^^^^^^^^^^
  File "C:\Users\StefanoIG\Desktop\Tesis\venv\Lib\site-packages\rest_framework\mixins.py", line 19, in create
    self.perform_create(serializer)
  File "C:\Users\StefanoIG\Desktop\Tesis\venv\Lib\site-packages\rest_framework\mixins.py", line 24, in perform_create
    serializer.save()
  File "C:\Users\StefanoIG\Desktop\Tesis\venv\Lib\site-packages\rest_framework\serializers.py", line 212, in save
    self.instance = self.create(validated_data)
                    ^^^^^^^^^^^^^^^^^^^^^^^^^^^
  File "C:\Users\StefanoIG\Desktop\Tesis\venv\Lib\site-packages\rest_framework\serializers.py", line 962, in create
    instance = ModelClass._default_manager.create(**validated_data)
               ^^^^^^^^^^^^^^^^^^^^^^^^^^^^^^^^^^^^^^^^^^^^^^^^^^^^
  File "C:\Users\StefanoIG\Desktop\Tesis\venv\Lib\site-packages\django\db\models\manager.py", line 87, in manager_method
    return getattr(self.get_queryset(), name)(*args, **kwargs)
           ^^^^^^^^^^^^^^^^^^^^^^^^^^^^^^^^^^^^^^^^^^^^^^^^^^^
  File "C:\Users\StefanoIG\Desktop\Tesis\venv\Lib\site-packages\django\db\models\query.py", line 658, in create
    obj.save(force_insert=True, using=self.db)
  File "C:\Users\StefanoIG\Desktop\Tesis\venv\Lib\site-packages\django\db\models\base.py", line 814, in save
    self.save_base(
  File "C:\Users\StefanoIG\Desktop\Tesis\venv\Lib\site-packages\django\db\models\base.py", line 877, in save_base
    updated = self._save_table(
              ^^^^^^^^^^^^^^^^^
  File "C:\Users\StefanoIG\Desktop\Tesis\venv\Lib\site-packages\django\db\models\base.py", line 1020, in _save_table
    results = self._do_insert(
              ^^^^^^^^^^^^^^^^
  File "C:\Users\StefanoIG\Desktop\Tesis\venv\Lib\site-packages\django\db\models\base.py", line 1061, in _do_insert
    return manager._insert(
           ^^^^^^^^^^^^^^^^
  File "C:\Users\StefanoIG\Desktop\Tesis\venv\Lib\site-packages\django\db\models\manager.py", line 87, in manager_method
    return getattr(self.get_queryset(), name)(*args, **kwargs)
           ^^^^^^^^^^^^^^^^^^^^^^^^^^^^^^^^^^^^^^^^^^^^^^^^^^^
  File "C:\Users\StefanoIG\Desktop\Tesis\venv\Lib\site-packages\django\db\models\query.py", line 1805, in _insert
    return query.get_compiler(using=using).execute_sql(returning_fields)
           ^^^^^^^^^^^^^^^^^^^^^^^^^^^^^^^^^^^^^^^^^^^^^^^^^^^^^^^^^^^^^
  File "C:\Users\StefanoIG\Desktop\Tesis\venv\Lib\site-packages\django\db\models\sql\compiler.py", line 1822, in execute_sql
    cursor.execute(sql, params)
  File "C:\Users\StefanoIG\Desktop\Tesis\venv\Lib\site-packages\django\db\backends\utils.py", line 102, in execute
    return super().execute(sql, params)
           ^^^^^^^^^^^^^^^^^^^^^^^^^^^^
  File "C:\Users\StefanoIG\Desktop\Tesis\venv\Lib\site-packages\django\db\backends\utils.py", line 67, in execute
    return self._execute_with_wrappers(
           ^^^^^^^^^^^^^^^^^^^^^^^^^^^^
  File "C:\Users\StefanoIG\Desktop\Tesis\venv\Lib\site-packages\django\db\backends\utils.py", line 80, in _execute_with_wrappers
    return executor(sql, params, many, context)
           ^^^^^^^^^^^^^^^^^^^^^^^^^^^^^^^^^^^^
  File "C:\Users\StefanoIG\Desktop\Tesis\venv\Lib\site-packages\django\db\backends\utils.py", line 84, in _execute
    with self.db.wrap_database_errors:
  File "C:\Users\StefanoIG\Desktop\Tesis\venv\Lib\site-packages\django\db\utils.py", line 91, in __exit__
    raise dj_exc_value.with_traceback(traceback) from exc_value
  File "C:\Users\StefanoIG\Desktop\Tesis\venv\Lib\site-packages\django\db\backends\utils.py", line 89, in _execute
    return self.cursor.execute(sql, params)
           ^^^^^^^^^^^^^^^^^^^^^^^^^^^^^^^^
  File "C:\Users\StefanoIG\Desktop\Tesis\venv\Lib\site-packages\django\db\backends\sqlite3\base.py", line 328, in execute
    return super().execute(query, params)
           ^^^^^^^^^^^^^^^^^^^^^^^^^^^^^^
django.db.utils.IntegrityError: NOT NULL constraint failed: envios.vehiculo_id
WARNING 2025-10-22 08:40:31,166 log 30296 56176 Bad Request: /api/v1/notificaciones/notificaciones/
ERROR 2025-10-22 08:40:33,249 log 30296 64576 Internal Server Error: /api/v1/notificaciones/preferencias/
Traceback (most recent call last):
  File "C:\Users\StefanoIG\Desktop\Tesis\backend\apps\notificaciones\views.py", line 84, in get_object
    usuario = Usuarios.objects.get(id=self.request.user.id)
              ^^^^^^^^^^^^^^^^^^^^^^^^^^^^^^^^^^^^^^^^^^^^^
  File "C:\Users\StefanoIG\Desktop\Tesis\venv\Lib\site-packages\django\db\models\manager.py", line 87, in manager_method
    return getattr(self.get_queryset(), name)(*args, **kwargs)
           ^^^^^^^^^^^^^^^^^^^^^^^^^^^^^^^^^^^^^^^^^^^^^^^^^^^
  File "C:\Users\StefanoIG\Desktop\Tesis\venv\Lib\site-packages\django\db\models\query.py", line 637, in get
    raise self.model.DoesNotExist(
apps.autenticacion.models.Usuarios.DoesNotExist: Usuarios matching query does not exist.

During handling of the above exception, another exception occurred:

Traceback (most recent call last):
  File "C:\Users\StefanoIG\Desktop\Tesis\venv\Lib\site-packages\django\core\handlers\exception.py", line 55, in inner
    response = get_response(request)
               ^^^^^^^^^^^^^^^^^^^^^
  File "C:\Users\StefanoIG\Desktop\Tesis\venv\Lib\site-packages\django\core\handlers\base.py", line 197, in _get_response
    response = wrapped_callback(request, *callback_args, **callback_kwargs)
               ^^^^^^^^^^^^^^^^^^^^^^^^^^^^^^^^^^^^^^^^^^^^^^^^^^^^^^^^^^^^
  File "C:\Users\StefanoIG\Desktop\Tesis\venv\Lib\site-packages\django\views\decorators\csrf.py", line 56, in wrapper_view
    return view_func(*args, **kwargs)
           ^^^^^^^^^^^^^^^^^^^^^^^^^^
  File "C:\Users\StefanoIG\Desktop\Tesis\venv\Lib\site-packages\django\views\generic\base.py", line 104, in view
    return self.dispatch(request, *args, **kwargs)
           ^^^^^^^^^^^^^^^^^^^^^^^^^^^^^^^^^^^^^^^
  File "C:\Users\StefanoIG\Desktop\Tesis\venv\Lib\site-packages\rest_framework\views.py", line 509, in dispatch
    response = self.handle_exception(exc)
               ^^^^^^^^^^^^^^^^^^^^^^^^^^
  File "C:\Users\StefanoIG\Desktop\Tesis\venv\Lib\site-packages\rest_framework\views.py", line 469, in handle_exception
    self.raise_uncaught_exception(exc)
  File "C:\Users\StefanoIG\Desktop\Tesis\venv\Lib\site-packages\rest_framework\views.py", line 480, in raise_uncaught_exception
    raise exc
  File "C:\Users\StefanoIG\Desktop\Tesis\venv\Lib\site-packages\rest_framework\views.py", line 506, in dispatch
    response = handler(request, *args, **kwargs)
               ^^^^^^^^^^^^^^^^^^^^^^^^^^^^^^^^^
  File "C:\Users\StefanoIG\Desktop\Tesis\venv\Lib\site-packages\rest_framework\generics.py", line 252, in get
    return self.retrieve(request, *args, **kwargs)
           ^^^^^^^^^^^^^^^^^^^^^^^^^^^^^^^^^^^^^^^
  File "C:\Users\StefanoIG\Desktop\Tesis\venv\Lib\site-packages\rest_framework\mixins.py", line 54, in retrieve
    instance = self.get_object()
               ^^^^^^^^^^^^^^^^^
  File "C:\Users\StefanoIG\Desktop\Tesis\backend\apps\notificaciones\views.py", line 88, in get_object
    raise status.HTTP_404_NOT_FOUND("Usuario no encontrado")
          ^^^^^^^^^^^^^^^^^^^^^^^^^^^^^^^^^^^^^^^^^^^^^^^^^^
TypeError: 'int' object is not callable
WARNING 2025-10-22 08:40:37,365 log 30296 44148 Unauthorized: /api/v1/usuarios/empresas/
WARNING 2025-10-22 08:40:39,421 log 30296 11144 Unauthorized: /api/v1/usuarios/empresas/
